Component: Arm Compiler for Embedded 6.22 Tool: armlink [5ee90200]

==============================================================================

Section Cross References

    startup_stm32f103xb.o(STACK) refers (Special) to heapauxi.o(.text) for __use_two_region_memory
    startup_stm32f103xb.o(HEAP) refers (Special) to heapauxi.o(.text) for __use_two_region_memory
    startup_stm32f103xb.o(RESET) refers (Special) to heapauxi.o(.text) for __use_two_region_memory
    startup_stm32f103xb.o(RESET) refers to startup_stm32f103xb.o(STACK) for __initial_sp
    startup_stm32f103xb.o(RESET) refers to startup_stm32f103xb.o(.text) for Reset_Handler
    startup_stm32f103xb.o(RESET) refers to stm32f1xx_it.o(.text.NMI_Handler) for NMI_Handler
    startup_stm32f103xb.o(RESET) refers to stm32f1xx_it.o(.text.HardFault_Handler) for HardFault_Handler
    startup_stm32f103xb.o(RESET) refers to stm32f1xx_it.o(.text.MemManage_Handler) for MemManage_Handler
    startup_stm32f103xb.o(RESET) refers to stm32f1xx_it.o(.text.BusFault_Handler) for BusFault_Handler
    startup_stm32f103xb.o(RESET) refers to stm32f1xx_it.o(.text.UsageFault_Handler) for UsageFault_Handler
    startup_stm32f103xb.o(RESET) refers to stm32f1xx_it.o(.text.SVC_Handler) for SVC_Handler
    startup_stm32f103xb.o(RESET) refers to stm32f1xx_it.o(.text.DebugMon_Handler) for DebugMon_Handler
    startup_stm32f103xb.o(RESET) refers to stm32f1xx_it.o(.text.PendSV_Handler) for PendSV_Handler
    startup_stm32f103xb.o(RESET) refers to stm32f1xx_it.o(.text.SysTick_Handler) for SysTick_Handler
    startup_stm32f103xb.o(RESET) refers to stm32f1xx_it.o(.text.USART1_IRQHandler) for USART1_IRQHandler
    startup_stm32f103xb.o(.text) refers (Special) to heapauxi.o(.text) for __use_two_region_memory
    startup_stm32f103xb.o(.text) refers to system_stm32f1xx.o(.text.SystemInit) for SystemInit
    startup_stm32f103xb.o(.text) refers to __main.o(!!!main) for __main
    startup_stm32f103xb.o(.text) refers to startup_stm32f103xb.o(HEAP) for Heap_Mem
    startup_stm32f103xb.o(.text) refers to startup_stm32f103xb.o(STACK) for Stack_Mem
    main.o(.text.HAL_UART_RxCpltCallback) refers to main.o(.bss..L_MergedGlobals.1) for .L_MergedGlobals.1
    main.o(.text.HAL_UART_RxCpltCallback) refers to main.o(.bss..L_MergedGlobals) for .L_MergedGlobals
    main.o(.text.HAL_UART_RxCpltCallback) refers to uart.o(.text.receive_data) for receive_data
    main.o(.text.HAL_UART_RxCpltCallback) refers to stm32f1xx_hal_uart.o(.text.HAL_UART_Receive_IT) for HAL_UART_Receive_IT
    main.o(.ARM.exidx.text.HAL_UART_RxCpltCallback) refers to main.o(.text.HAL_UART_RxCpltCallback) for [Anonymous Symbol]
    main.o(.text.main) refers to stm32f1xx_hal.o(.text.HAL_Init) for HAL_Init
    main.o(.text.main) refers to stm32f1xx_hal.o(.text.HAL_DeInit) for HAL_DeInit
    main.o(.text.main) refers to stm32f1xx_hal_rcc.o(.text.HAL_RCC_OscConfig) for HAL_RCC_OscConfig
    main.o(.text.main) refers to stm32f1xx_hal_rcc.o(.text.HAL_RCC_ClockConfig) for HAL_RCC_ClockConfig
    main.o(.text.main) refers to stm32f1xx_hal_rcc_ex.o(.text.HAL_RCCEx_PeriphCLKConfig) for HAL_RCCEx_PeriphCLKConfig
    main.o(.text.main) refers to stm32f1xx_hal_gpio.o(.text.HAL_GPIO_WritePin) for HAL_GPIO_WritePin
    main.o(.text.main) refers to stm32f1xx_hal_gpio.o(.text.HAL_GPIO_Init) for HAL_GPIO_Init
    main.o(.text.main) refers to main.o(.bss..L_MergedGlobals.1) for .L_MergedGlobals.1
    main.o(.text.main) refers to stm32f1xx_hal_uart.o(.text.HAL_UART_Init) for HAL_UART_Init
    main.o(.text.main) refers to main.o(.bss.htim1) for htim1
    main.o(.text.main) refers to stm32f1xx_hal_tim.o(.text.HAL_TIM_Base_Init) for HAL_TIM_Base_Init
    main.o(.text.main) refers to stm32f1xx_hal_tim.o(.text.HAL_TIM_ConfigClockSource) for HAL_TIM_ConfigClockSource
    main.o(.text.main) refers to stm32f1xx_hal_tim_ex.o(.text.HAL_TIMEx_MasterConfigSynchronization) for HAL_TIMEx_MasterConfigSynchronization
    main.o(.text.main) refers to stm32f1xx_hal_adc.o(.text.HAL_ADC_Init) for HAL_ADC_Init
    main.o(.text.main) refers to stm32f1xx_hal_adc.o(.text.HAL_ADC_ConfigChannel) for HAL_ADC_ConfigChannel
    main.o(.text.main) refers to main.o(.bss.hi2c2) for hi2c2
    main.o(.text.main) refers to stm32f1xx_hal_i2c.o(.text.HAL_I2C_Init) for HAL_I2C_Init
    main.o(.text.main) refers to main.o(.bss.huart2) for huart2
    main.o(.text.main) refers to main.o(.bss.hi2c1) for hi2c1
    main.o(.text.main) refers to main.o(.bss..L_MergedGlobals) for .L_MergedGlobals
    main.o(.text.main) refers to stm32f1xx_hal_uart.o(.text.HAL_UART_Receive_IT) for HAL_UART_Receive_IT
    main.o(.text.main) refers to uart.o(.text.uart_receive_handle) for uart_receive_handle
    main.o(.text.main) refers to mpu6050.o(.text.MPU6050_init) for MPU6050_init
    main.o(.text.main) refers to mpu6050.o(.text.calcGyroOffsets) for calcGyroOffsets
    main.o(.text.main) refers to mq2.o(.text.mq2_init) for mq2_init
[...]
    EXTI1_IRQHandler                         0x0800027b   Thumb Code     0  startup_stm32f103xb.o(.text)
    EXTI2_IRQHandler                         0x0800027b   Thumb Code     0  startup_stm32f103xb.o(.text)
    EXTI3_IRQHandler                         0x0800027b   Thumb Code     0  startup_stm32f103xb.o(.text)
    EXTI4_IRQHandler                         0x0800027b   Thumb Code     0  startup_stm32f103xb.o(.text)
    EXTI9_5_IRQHandler                       0x0800027b   Thumb Code     0  startup_stm32f103xb.o(.text)
    FLASH_IRQHandler                         0x0800027b   Thumb Code     0  startup_stm32f103xb.o(.text)
    I2C1_ER_IRQHandler                       0x0800027b   Thumb Code     0  startup_stm32f103xb.o(.text)
    I2C1_EV_IRQHandler                       0x0800027b   Thumb Code     0  startup_stm32f103xb.o(.text)
    I2C2_ER_IRQHandler                       0x0800027b   Thumb Code     0  startup_stm32f103xb.o(.text)
    I2C2_EV_IRQHandler                       0x0800027b   Thumb Code     0  startup_stm32f103xb.o(.text)
    PVD_IRQHandler                           0x0800027b   Thumb Code     0  startup_stm32f103xb.o(.text)
    RCC_IRQHandler                           0x0800027b   Thumb Code     0  startup_stm32f103xb.o(.text)
    RTC_Alarm_IRQHandler                     0x0800027b   Thumb Code     0  startup_stm32f103xb.o(.text)
    RTC_IRQHandler                           0x0800027b   Thumb Code     0  startup_stm32f103xb.o(.text)
    SPI1_IRQHandler                          0x0800027b   Thumb Code     0  startup_stm32f103xb.o(.text)
    SPI2_IRQHandler                          0x0800027b   Thumb Code     0  startup_stm32f103xb.o(.text)
    TAMPER_IRQHandler                        0x0800027b   Thumb Code     0  startup_stm32f103xb.o(.text)
    TIM1_BRK_IRQHandler                      0x0800027b   Thumb Code     0  startup_stm32f103xb.o(.text)
    TIM1_CC_IRQHandler                       0x0800027b   Thumb Code     0  startup_stm32f103xb.o(.text)
    TIM1_TRG_COM_IRQHandler                  0x0800027b   Thumb Code     0  startup_stm32f103xb.o(.text)
    TIM1_UP_IRQHandler                       0x0800027b   Thumb Code     0  startup_stm32f103xb.o(.text)
    TIM2_IRQHandler                          0x0800027b   Thumb Code     0  startup_stm32f103xb.o(.text)
    TIM3_IRQHandler                          0x0800027b   Thumb Code     0  startup_stm32f103xb.o(.text)
    TIM4_IRQHandler                          0x0800027b   Thumb Code     0  startup_stm32f103xb.o(.text)
    USART2_IRQHandler                        0x0800027b   Thumb Code     0  startup_stm32f103xb.o(.text)
    USART3_IRQHandler                        0x0800027b   Thumb Code     0  startup_stm32f103xb.o(.text)
    USBWakeUp_IRQHandler                     0x0800027b   Thumb Code     0  startup_stm32f103xb.o(.text)
    USB_HP_CAN1_TX_IRQHandler                0x0800027b   Thumb Code     0  startup_stm32f103xb.o(.text)
    USB_LP_CAN1_RX0_IRQHandler               0x0800027b   Thumb Code     0  startup_stm32f103xb.o(.text)
    WWDG_IRQHandler                          0x0800027b   Thumb Code     0  startup_stm32f103xb.o(.text)
    __user_initial_stackheap                 0x0800027d   Thumb Code     0  startup_stm32f103xb.o(.text)
    vsprintf                                 0x080002a1   Thumb Code    32  vsprintf.o(.text)
    __2sprintf                               0x080002c5   Thumb Code    38  __2sprintf.o(.text)
    _printf_pre_padding                      0x080002f1   Thumb Code    44  _printf_pad.o(.text)
    _printf_post_padding                     0x0800031d   Thumb Code    34  _printf_pad.o(.text)
    _printf_truncate_signed                  0x0800033f   Thumb Code    18  _printf_truncate.o(.text)
    _printf_truncate_unsigned                0x08000351   Thumb Code    18  _printf_truncate.o(.text)
    _printf_int_dec                          0x08000365   Thumb Code   104  _printf_dec.o(.text)
    __printf                                 0x080003dd   Thumb Code   388  __printf_flags_ss_wp.o(.text)
    atoi                                     0x08000565   Thumb Code    26  atoi.o(.text)
    strchr                                   0x0800057f   Thumb Code    20  strchr.o(.text)
    strstr                                   0x08000593   Thumb Code    36  strstr.o(.text)
    strlen                                   0x080005b7   Thumb Code    62  strlen.o(.text)
    strcmp                                   0x080005f5   Thumb Code   128  strcmpv7m.o(.text)
    __use_two_region_memory                  0x08000675   Thumb Code     2  heapauxi.o(.text)
    __rt_heap_escrow$2region                 0x08000677   Thumb Code     2  heapauxi.o(.text)
    __rt_heap_expand$2region                 0x08000679   Thumb Code     2  heapauxi.o(.text)
    __aeabi_errno_addr                       0x0800067d   Thumb Code     8  rt_errno_addr_intlibspace.o(.text)
    __errno$intlibspace                      0x0800067d   Thumb Code     0  rt_errno_addr_intlibspace.o(.text)
    __rt_errno_addr$intlibspace              0x0800067d   Thumb Code     0  rt_errno_addr_intlibspace.o(.text)
    __read_errno                             0x08000685   Thumb Code    10  _rserrno.o(.text)
    __set_errno                              0x0800068f   Thumb Code    12  _rserrno.o(.text)
    _printf_str                              0x0800069b   Thumb Code    82  _printf_str.o(.text)
    _printf_int_common                       0x080006ed   Thumb Code   178  _printf_intcommon.o(.text)
    _printf_charcount                        0x0800079f   Thumb Code    40  _printf_charcount.o(.text)
    _printf_fp_dec_real                      0x08000977   Thumb Code   620  _printf_fp_dec.o(.text)
    _printf_char_common                      0x08000bef   Thumb Code    32  _printf_char_common.o(.text)
    _sputc                                   0x08000c15   Thumb Code    10  _sputc.o(.text)
    _printf_wctomb                           0x08000c21   Thumb Code   182  _printf_wctomb.o(.text)
    _printf_longlong_dec                     0x08000cdd   Thumb Code   108  _printf_longlong_dec.o(.text)
    _printf_longlong_oct                     0x08000d59   Thumb Code    68  _printf_oct_int_ll.o(.text)
    _printf_int_oct                          0x08000d9d   Thumb Code    24  _printf_oct_int_ll.o(.text)
    _printf_ll_oct                           0x08000db5   Thumb Code    12  _printf_oct_int_ll.o(.text)
    _printf_longlong_hex                     0x08000dc9   Thumb Code    86  _printf_hex_int_ll_ptr.o(.text)
    _printf_int_hex                          0x08000e1f   Thumb Code    28  _printf_hex_int_ll_ptr.o(.text)
    _printf_ll_hex                           0x08000e3b   Thumb Code    12  _printf_hex_int_ll_ptr.o(.text)
    _printf_hex_ptr                          0x08000e47   Thumb Code    18  _printf_hex_int_ll_ptr.o(.text)
    __strtod_int                             0x08000ea1   Thumb Code    94  strtod.o(.text)
    strtol                                   0x08000f0d   Thumb Code   112  strtol.o(.text)
    __user_libspace                          0x08000f7d   Thumb Code     8  libspace.o(.text)
    __user_perproc_libspace                  0x08000f7d   Thumb Code     0  libspace.o(.text)
    __user_perthread_libspace                0x08000f7d   Thumb Code     0  libspace.o(.text)
    __rt_ctype_table                         0x08000f85   Thumb Code    16  rt_ctype_table.o(.text)
    __rt_locale                              0x08000f95   Thumb Code     8  rt_locale_intlibspace.o(.text)
    _ll_udiv10                               0x08000f9d   Thumb Code   138  lludiv10.o(.text)
    isspace                                  0x08001027   Thumb Code    18  isspace.o(.text)
    _printf_fp_hex_real                      0x08001039   Thumb Code   756  _printf_fp_hex.o(.text)
    _printf_fp_infnan                        0x08001335   Thumb Code   112  _printf_fp_infnan.o(.text)
    _printf_cs_common                        0x080013b5   Thumb Code    20  _printf_char.o(.text)
    _printf_char                             0x080013c9   Thumb Code    16  _printf_char.o(.text)
    _printf_string                           0x080013d9   Thumb Code     8  _printf_char.o(.text)
    _printf_lcs_common                       0x080013e1   Thumb Code    20  _printf_wchar.o(.text)
    _printf_wchar                            0x080013f5   Thumb Code    16  _printf_wchar.o(.text)
    _printf_wstring                          0x08001405   Thumb Code     8  _printf_wchar.o(.text)
    _sgetc                                   0x0800140d   Thumb Code    30  _sgetc.o(.text)
    _sbackspace                              0x0800142b   Thumb Code    34  _sgetc.o(.text)
    _strtoul                                 0x0800144d   Thumb Code   158  _strtoul.o(.text)
    _btod_etento                             0x080014ed   Thumb Code   224  bigflt0.o(.text)
    _c16rtomb                                0x080015d1   Thumb Code    72  _c16rtomb.o(.text)
    _wcrtomb                                 0x080015d1   Thumb Code     0  _c16rtomb.o(.text)
    __user_setup_stackheap                   0x08001619   Thumb Code    74  sys_stackheap_outer.o(.text)
    _chval                                   0x08001663   Thumb Code    28  _chval.o(.text)
    _scanf_really_real                       0x080018cd   Thumb Code   684  scanf_fp.o(.text)
    exit                                     0x08001b79   Thumb Code    18  exit.o(.text)
    __aeabi_llsl                             0x08001b8b   Thumb Code     0  llshl.o(.text)
    _ll_shift_l                              0x08001b8b   Thumb Code    38  llshl.o(.text)
    _scanf_really_hex_real                   0x08001bb1   Thumb Code   786  scanf_hexfp.o(.text)
    _scanf_really_infnan                     0x08001ed1   Thumb Code   292  scanf_infnan.o(.text)
    _sys_exit                                0x08002005   Thumb Code     8  sys_exit.o(.text)
    __I$use$semihosting                      0x08002011   Thumb Code     0  use_no_semi.o(.text)
    __use_no_semihosting_swi                 0x08002011   Thumb Code     2  use_no_semi.o(.text)
    __semihosting_library_function           0x08002013   Thumb Code     0  indicate_semi.o(.text)
    ADC_Enable                               0x08002015   Thumb Code   174  stm32f1xx_hal_adc.o(.text.ADC_Enable)
    BusFault_Handler                         0x080020c5   Thumb Code     2  stm32f1xx_it.o(.text.BusFault_Handler)
    DebugMon_Handler                         0x080020c9   Thumb Code     2  stm32f1xx_it.o(.text.DebugMon_Handler)
    Error_Handler                            0x080020cd   Thumb Code    10  main.o(.text.Error_Handler)
    FLASH_WaitForLastOperation               0x080020d9   Thumb Code   198  stm32f1xx_hal_flash.o(.text.FLASH_WaitForLastOperation)
    HAL_ADC_ConfigChannel                    0x080021a1   Thumb Code   374  stm32f1xx_hal_adc.o(.text.HAL_ADC_ConfigChannel)
    HAL_ADC_GetValue                         0x08002319   Thumb Code     6  stm32f1xx_hal_adc.o(.text.HAL_ADC_GetValue)
    HAL_ADC_Init                             0x08002321   Thumb Code   344  stm32f1xx_hal_adc.o(.text.HAL_ADC_Init)
    HAL_ADC_MspInit                          0x08002479   Thumb Code   102  stm32f1xx_hal_msp.o(.text.HAL_ADC_MspInit)
    HAL_ADC_PollForConversion                0x080024e1   Thumb Code   622  stm32f1xx_hal_adc.o(.text.HAL_ADC_PollForConversion)
    HAL_ADC_Start                            0x08002751   Thumb Code   206  stm32f1xx_hal_adc.o(.text.HAL_ADC_Start)
    HAL_ADC_Stop                             0x08002821   Thumb Code   126  stm32f1xx_hal_adc.o(.text.HAL_ADC_Stop)
    HAL_DMA_Abort                            0x080028a1   Thumb Code    70  stm32f1xx_hal_dma.o(.text.HAL_DMA_Abort)
    HAL_DMA_Abort_IT                         0x080028e9   Thumb Code   182  stm32f1xx_hal_dma.o(.text.HAL_DMA_Abort_IT)
    HAL_DeInit                               0x080029a1   Thumb Code    32  stm32f1xx_hal.o(.text.HAL_DeInit)
    HAL_Delay                                0x080029c1   Thumb Code    40  stm32f1xx_hal.o(.text.HAL_Delay)
    HAL_FLASHEx_Erase                        0x080029e9   Thumb Code   238  stm32f1xx_hal_flash_ex.o(.text.HAL_FLASHEx_Erase)
    HAL_FLASH_Lock                           0x08002ad9   Thumb Code    20  stm32f1xx_hal_flash.o(.text.HAL_FLASH_Lock)
    HAL_FLASH_Program                        0x08002aed   Thumb Code   278  stm32f1xx_hal_flash.o(.text.HAL_FLASH_Program)
    HAL_FLASH_Unlock                         0x08002c05   Thumb Code    46  stm32f1xx_hal_flash.o(.text.HAL_FLASH_Unlock)
    HAL_GPIO_Init                            0x08002c35   Thumb Code   526  stm32f1xx_hal_gpio.o(.text.HAL_GPIO_Init)
    HAL_GPIO_TogglePin                       0x08002e45   Thumb Code    16  stm32f1xx_hal_gpio.o(.text.HAL_GPIO_TogglePin)
    HAL_GPIO_WritePin                        0x08002e55   Thumb Code    10  stm32f1xx_hal_gpio.o(.text.HAL_GPIO_WritePin)
    HAL_GetTick                              0x08002e61   Thumb Code    12  stm32f1xx_hal.o(.text.HAL_GetTick)
    HAL_I2C_Init                             0x08002e6d   Thumb Code   356  stm32f1xx_hal_i2c.o(.text.HAL_I2C_Init)
    HAL_I2C_Master_Transmit                  0x08002fd1   Thumb Code   476  stm32f1xx_hal_i2c.o(.text.HAL_I2C_Master_Transmit)
    HAL_I2C_Mem_Read                         0x080031ad   Thumb Code   846  stm32f1xx_hal_i2c.o(.text.HAL_I2C_Mem_Read)
    HAL_I2C_Mem_Write                        0x080034fd   Thumb Code   348  stm32f1xx_hal_i2c.o(.text.HAL_I2C_Mem_Write)
    HAL_I2C_MspInit                          0x08003659   Thumb Code   188  stm32f1xx_hal_msp.o(.text.HAL_I2C_MspInit)
    HAL_IncTick                              0x08003715   Thumb Code    26  stm32f1xx_hal.o(.text.HAL_IncTick)
    HAL_Init                                 0x08003731   Thumb Code    38  stm32f1xx_hal.o(.text.HAL_Init)
    HAL_InitTick                             0x08003759   Thumb Code    72  stm32f1xx_hal.o(.text.HAL_InitTick)
    HAL_MspDeInit                            0x080037a1   Thumb Code     2  stm32f1xx_hal.o(.text.HAL_MspDeInit)
    HAL_MspInit                              0x080037a5   Thumb Code    66  stm32f1xx_hal_msp.o(.text.HAL_MspInit)
    HAL_NVIC_EnableIRQ                       0x080037e9   Thumb Code    34  stm32f1xx_hal_cortex.o(.text.HAL_NVIC_EnableIRQ)
    HAL_NVIC_SetPriority                     0x0800380d   Thumb Code    86  stm32f1xx_hal_cortex.o(.text.HAL_NVIC_SetPriority)
    HAL_NVIC_SetPriorityGrouping             0x08003865   Thumb Code    32  stm32f1xx_hal_cortex.o(.text.HAL_NVIC_SetPriorityGrouping)
    HAL_RCCEx_GetPeriphCLKFreq               0x08003885   Thumb Code   228  stm32f1xx_hal_rcc_ex.o(.text.HAL_RCCEx_GetPeriphCLKFreq)
    HAL_RCCEx_PeriphCLKConfig                0x0800397d   Thumb Code   258  stm32f1xx_hal_rcc_ex.o(.text.HAL_RCCEx_PeriphCLKConfig)
    HAL_RCC_ClockConfig                      0x08003a81   Thumb Code   442  stm32f1xx_hal_rcc.o(.text.HAL_RCC_ClockConfig)
    HAL_RCC_GetPCLK1Freq                     0x08003c3d   Thumb Code    38  stm32f1xx_hal_rcc.o(.text.HAL_RCC_GetPCLK1Freq)
    HAL_RCC_GetPCLK2Freq                     0x08003c65   Thumb Code    38  stm32f1xx_hal_rcc.o(.text.HAL_RCC_GetPCLK2Freq)
    HAL_RCC_OscConfig                        0x08003c8d   Thumb Code  1024  stm32f1xx_hal_rcc.o(.text.HAL_RCC_OscConfig)
    HAL_SYSTICK_Config                       0x0800408d   Thumb Code    44  stm32f1xx_hal_cortex.o(.text.HAL_SYSTICK_Config)
    HAL_TIMEx_MasterConfigSynchronization    0x080040b9   Thumb Code   126  stm32f1xx_hal_tim_ex.o(.text.HAL_TIMEx_MasterConfigSynchronization)
    HAL_TIM_Base_Init                        0x08004139   Thumb Code   250  stm32f1xx_hal_tim.o(.text.HAL_TIM_Base_Init)
    HAL_TIM_Base_MspInit                     0x08004235   Thumb Code    48  stm32f1xx_hal_msp.o(.text.HAL_TIM_Base_MspInit)
    HAL_TIM_ConfigClockSource                0x08004265   Thumb Code   416  stm32f1xx_hal_tim.o(.text.HAL_TIM_ConfigClockSource)
    HAL_UARTEx_RxEventCallback               0x08004405   Thumb Code     2  stm32f1xx_hal_uart.o(.text.HAL_UARTEx_RxEventCallback)
    HAL_UART_ErrorCallback                   0x08004409   Thumb Code     2  stm32f1xx_hal_uart.o(.text.HAL_UART_ErrorCallback)
    HAL_UART_IRQHandler                      0x0800440d   Thumb Code  1392  stm32f1xx_hal_uart.o(.text.HAL_UART_IRQHandler)
    HAL_UART_Init                            0x0800497d   Thumb Code   226  stm32f1xx_hal_uart.o(.text.HAL_UART_Init)
    HAL_UART_MspInit                         0x08004a61   Thumb Code   250  stm32f1xx_hal_msp.o(.text.HAL_UART_MspInit)
    HAL_UART_Receive_IT                      0x08004b5d   Thumb Code    84  stm32f1xx_hal_uart.o(.text.HAL_UART_Receive_IT)
    HAL_UART_RxCpltCallback                  0x08004bb1   Thumb Code    50  main.o(.text.HAL_UART_RxCpltCallback)
    HAL_UART_Transmit                        0x08004be5   Thumb Code   402  stm32f1xx_hal_uart.o(.text.HAL_UART_Transmit)
    HAL_UART_TxCpltCallback                  0x08004d79   Thumb Code     2  stm32f1xx_hal_uart.o(.text.HAL_UART_TxCpltCallback)
    HardFault_Handler                        0x08004d7d   Thumb Code     2  stm32f1xx_it.o(.text.HardFault_Handler)
    MPU6050_Calibrate                        0x08005409   Thumb Code   338  mpu6050.o(.text.MPU6050_Calibrate)
    MPU6050_Read_Accel                       0x0800555d   Thumb Code   116  mpu6050.o(.text.MPU6050_Read_Accel)
    MPU6050_Read_Gyro                        0x080055d1   Thumb Code   118  mpu6050.o(.text.MPU6050_Read_Gyro)
    MPU6050_handle                           0x08005649   Thumb Code   114  mpu6050.o(.text.MPU6050_handle)
    MPU6050_init                             0x080056bd   Thumb Code   150  mpu6050.o(.text.MPU6050_init)
    MemManage_Handler                        0x08005755   Thumb Code     2  stm32f1xx_it.o(.text.MemManage_Handler)
    NMI_Handler                              0x08005759   Thumb Code     2  stm32f1xx_it.o(.text.NMI_Handler)
    PendSV_Handler                           0x0800575d   Thumb Code     2  stm32f1xx_it.o(.text.PendSV_Handler)
    SVC_Handler                              0x08005761   Thumb Code     2  stm32f1xx_it.o(.text.SVC_Handler)
    SysTick_Handler                          0x08005765   Thumb Code     4  stm32f1xx_it.o(.text.SysTick_Handler)
    SystemInit                               0x08005769   Thumb Code     2  system_stm32f1xx.o(.text.SystemInit)
    USART1_IRQHandler                        0x08005879   Thumb Code    12  stm32f1xx_it.o(.text.USART1_IRQHandler)
    UsageFault_Handler                       0x08005885   Thumb Code     2  stm32f1xx_it.o(.text.UsageFault_Handler)
    buzzer_handle                            0x08005889   Thumb Code   152  hostweb.o(.text.buzzer_handle)
    calcGyroOffsets                          0x08005921   Thumb Code   110  mpu6050.o(.text.calcGyroOffsets)
    calibrate_mq2                            0x08005991   Thumb Code   362  mq2.o(.text.calibrate_mq2)
    cmd_process_data                         0x08005afd   Thumb Code    32  handle_cmd.o(.text.cmd_process_data)
    flash_erase                              0x08005b29   Thumb Code    34  flash.o(.text.flash_erase)
    flash_lock                               0x08005b4d   Thumb Code     4  flash.o(.text.flash_lock)
    flash_read_arr                           0x08005b51   Thumb Code   138  flash.o(.text.flash_read_arr)
    flash_unlock                             0x08005bdd   Thumb Code     4  flash.o(.text.flash_unlock)
    flash_write_arr                          0x08005be1   Thumb Code    48  flash.o(.text.flash_write_arr)
    handle_Cmd                               0x08005c11   Thumb Code   168  handle_cmd.o(.text.handle_Cmd)
    hostweb_handle                           0x08005ced   Thumb Code   156  hostweb.o(.text.hostweb_handle)
    hostweb_init                             0x08005d89   Thumb Code    28  hostweb.o(.text.hostweb_init)
    lcd_clear_display                        0x08005da5   Thumb Code    66  liquidcrystal_i2c.o(.text.lcd_clear_display)
    lcd_display_pga_ppm                      0x08005de9   Thumb Code   104  cprintf.o(.text.lcd_display_pga_ppm)
    lcd_display_threshold_pga_ppm            0x08005e6d   Thumb Code   104  cprintf.o(.text.lcd_display_threshold_pga_ppm)
    lcd_init                                 0x08005ef1   Thumb Code   390  liquidcrystal_i2c.o(.text.lcd_init)
    lcd_printf                               0x08006079   Thumb Code   144  liquidcrystal_i2c.o(.text.lcd_printf)
    lcd_set_cursor                           0x08006109   Thumb Code    84  liquidcrystal_i2c.o(.text.lcd_set_cursor)
    lora_send_sensor_value_esp32             0x08006161   Thumb Code    72  lorasendvalue.o(.text.lora_send_sensor_value_esp32)
    main                                     0x080061d1   Thumb Code  1038  main.o(.text.main)
    mq2_handle                               0x080065e1   Thumb Code     4  mq2.o(.text.mq2_handle)
    mq2_init                                 0x080065e5   Thumb Code    14  mq2.o(.text.mq2_init)
    read_mq2_ppm                             0x080065f5   Thumb Code   322  mq2.o(.text.read_mq2_ppm)
    receive_data                             0x08006739   Thumb Code    56  uart.o(.text.receive_data)
    send_pga_ppm_to_UART                     0x08006771   Thumb Code   280  cprintf.o(.text.send_pga_ppm_to_UART)
    uart_receive_handle                      0x080068fd   Thumb Code    32  uart.o(.text.uart_receive_handle)
    _btod_d2e                                0x0800691d   Thumb Code    62  btod.o(CL$$btod_d2e)
    _d2e_denorm_low                          0x0800695b   Thumb Code    70  btod.o(CL$$btod_d2e_denorm_low)
    _d2e_norm_op1                            0x080069a1   Thumb Code    96  btod.o(CL$$btod_d2e_norm_op1)
    __btod_div_common                        0x08006a01   Thumb Code   696  btod.o(CL$$btod_div_common)
    _e2d                                     0x08006d39   Thumb Code   122  btod.o(CL$$btod_e2d)
    _e2e                                     0x08006dbd   Thumb Code   220  btod.o(CL$$btod_e2e)
    _btod_ediv                               0x08006e99   Thumb Code    42  btod.o(CL$$btod_ediv)
    _btod_edivd                              0x08006ec3   Thumb Code    42  btod.o(CL$$btod_edivd)
    _btod_emul                               0x08006eed   Thumb Code    42  btod.o(CL$$btod_emul)
    _btod_emuld                              0x08006f17   Thumb Code    42  btod.o(CL$$btod_emuld)
    __btod_mult_common                       0x08006f41   Thumb Code   580  btod.o(CL$$btod_mult_common)
    __ARM_fpclassify                         0x08007185   Thumb Code    40  fpclassify.o(i.__ARM_fpclassify)
    __kernel_poly                            0x080071ad   Thumb Code   170  poly.o(i.__kernel_poly)
    __mathlib_dbl_divzero                    0x08007259   Thumb Code    12  dunder.o(i.__mathlib_dbl_divzero)
    __mathlib_dbl_infnan2                    0x08007269   Thumb Code     4  dunder.o(i.__mathlib_dbl_infnan2)
    __mathlib_dbl_invalid                    0x0800726d   Thumb Code    12  dunder.o(i.__mathlib_dbl_invalid)
    __mathlib_dbl_overflow                   0x08007279   Thumb Code    14  dunder.o(i.__mathlib_dbl_overflow)
    __mathlib_dbl_underflow                  0x08007289   Thumb Code    10  dunder.o(i.__mathlib_dbl_underflow)
    __mathlib_narrow                         0x08007299   Thumb Code    16  narrow.o(i.__mathlib_narrow)
    __mathlib_tofloat                        0x080072a9   Thumb Code   184  narrow.o(i.__mathlib_tofloat)
    __support_ldexp                          0x08007365   Thumb Code    22  ldexp.o(i.__support_ldexp)
    _is_digit                                0x0800737b   Thumb Code    14  __printf_wp.o(i._is_digit)
    atof                                     0x08007389   Thumb Code    44  atof.o(i.atof)
    frexp                                    0x080073b5   Thumb Code    80  frexp.o(i.frexp)
    ldexp                                    0x0800740d   Thumb Code   116  ldexp.o(i.ldexp)
    pow                                      0x08007481   Thumb Code  2532  pow.o(i.pow)
    sqrt                                     0x08007e6d   Thumb Code    76  sqrt.o(i.sqrt)
    _get_lc_numeric                          0x08007eb9   Thumb Code    44  lc_numeric_c.o(locale$$code)
    _get_lc_ctype                            0x08007ee5   Thumb Code    44  lc_ctype_c.o(locale$$code)
    __aeabi_d2f                              0x08007f11   Thumb Code     0  d2f.o(x$fpl$d2f)
    _d2f                                     0x08007f11   Thumb Code    98  d2f.o(x$fpl$d2f)
    __aeabi_dadd                             0x08007f75   Thumb Code     0  daddsub_clz.o(x$fpl$dadd)
    _dadd                                    0x08007f75   Thumb Code   332  daddsub_clz.o(x$fpl$dadd)
    __fpl_dcheck_NaN1                        0x080080c5   Thumb Code    10  dcheck1.o(x$fpl$dcheck1)
    __fpl_dcmp_Inf                           0x080080d5   Thumb Code    24  dcmpi.o(x$fpl$dcmpinf)
    __aeabi_ddiv                             0x080080ed   Thumb Code     0  ddiv.o(x$fpl$ddiv)
    _ddiv                                    0x080080ed   Thumb Code   560  ddiv.o(x$fpl$ddiv)
    __aeabi_cdcmpeq                          0x080083a5   Thumb Code     0  deqf.o(x$fpl$deqf)
    _dcmpeq                                  0x080083a5   Thumb Code   120  deqf.o(x$fpl$deqf)
    __aeabi_i2d                              0x0800841d   Thumb Code     0  dflt_clz.o(x$fpl$dflt)
    _dflt                                    0x0800841d   Thumb Code    46  dflt_clz.o(x$fpl$dflt)
    __aeabi_ui2d                             0x0800844b   Thumb Code     0  dflt_clz.o(x$fpl$dfltu)
    _dfltu                                   0x0800844b   Thumb Code    38  dflt_clz.o(x$fpl$dfltu)
    __aeabi_cdcmpge                          0x08008471   Thumb Code     0  dgeqf.o(x$fpl$dgeqf)
    _dcmpge                                  0x08008471   Thumb Code   120  dgeqf.o(x$fpl$dgeqf)
    __aeabi_cdcmple                          0x080084e9   Thumb Code     0  dleqf.o(x$fpl$dleqf)
    _dcmple                                  0x080084e9   Thumb Code   120  dleqf.o(x$fpl$dleqf)
    __fpl_dcmple_InfNaN                      0x0800854b   Thumb Code     0  dleqf.o(x$fpl$dleqf)
    __aeabi_dmul                             0x08008561   Thumb Code     0  dmul.o(x$fpl$dmul)
    _dmul                                    0x08008561   Thumb Code   332  dmul.o(x$fpl$dmul)
    __fpl_dnaninf                            0x080086b5   Thumb Code   156  dnaninf.o(x$fpl$dnaninf)
    __fpl_dretinf                            0x08008751   Thumb Code    12  dretinf.o(x$fpl$dretinf)
    __aeabi_cdrcmple                         0x0800875d   Thumb Code     0  drleqf.o(x$fpl$drleqf)
    _drcmple                                 0x0800875d   Thumb Code   108  drleqf.o(x$fpl$drleqf)
    __aeabi_drsub                            0x080087c9   Thumb Code     0  daddsub_clz.o(x$fpl$drsb)
    _drsb                                    0x080087c9   Thumb Code    22  daddsub_clz.o(x$fpl$drsb)
    _dsqrt                                   0x080087e1   Thumb Code   456  dsqrt_noumaal.o(x$fpl$dsqrt)
    __aeabi_dsub                             0x080089ad   Thumb Code     0  daddsub_clz.o(x$fpl$dsub)
    _dsub                                    0x080089ad   Thumb Code   472  daddsub_clz.o(x$fpl$dsub)
    __aeabi_f2d                              0x08008b89   Thumb Code     0  f2d.o(x$fpl$f2d)
    _f2d                                     0x08008b89   Thumb Code    86  f2d.o(x$fpl$f2d)
    __aeabi_fadd                             0x08008be1   Thumb Code     0  faddsub_clz.o(x$fpl$fadd)
    _fadd                                    0x08008be1   Thumb Code   196  faddsub_clz.o(x$fpl$fadd)
    __aeabi_dcmpeq                           0x08008ca5   Thumb Code     0  dcmp.o(x$fpl$fcmp)
    _deq                                     0x08008ca5   Thumb Code    14  dcmp.o(x$fpl$fcmp)
    _dneq                                    0x08008cb3   Thumb Code    14  dcmp.o(x$fpl$fcmp)
    __aeabi_dcmpgt                           0x08008cc1   Thumb Code     0  dcmp.o(x$fpl$fcmp)
    _dgr                                     0x08008cc1   Thumb Code    14  dcmp.o(x$fpl$fcmp)
    __aeabi_dcmpge                           0x08008ccf   Thumb Code     0  dcmp.o(x$fpl$fcmp)
    _dgeq                                    0x08008ccf   Thumb Code    14  dcmp.o(x$fpl$fcmp)
    __aeabi_dcmple                           0x08008cdd   Thumb Code     0  dcmp.o(x$fpl$fcmp)
    _dleq                                    0x08008cdd   Thumb Code    14  dcmp.o(x$fpl$fcmp)
    __aeabi_dcmplt                           0x08008ceb   Thumb Code     0  dcmp.o(x$fpl$fcmp)
    _dls                                     0x08008ceb   Thumb Code    14  dcmp.o(x$fpl$fcmp)
    __aeabi_fcmpeq                           0x08008cf9   Thumb Code     0  fcmp.o(x$fpl$fcmp)
    _feq                                     0x08008cf9   Thumb Code    14  fcmp.o(x$fpl$fcmp)
    _fneq                                    0x08008d07   Thumb Code    14  fcmp.o(x$fpl$fcmp)
    __aeabi_fcmpgt                           0x08008d15   Thumb Code     0  fcmp.o(x$fpl$fcmp)
    _fgr                                     0x08008d15   Thumb Code    14  fcmp.o(x$fpl$fcmp)
    __aeabi_fcmpge                           0x08008d23   Thumb Code     0  fcmp.o(x$fpl$fcmp)
    _fgeq                                    0x08008d23   Thumb Code    14  fcmp.o(x$fpl$fcmp)
    __aeabi_fcmple                           0x08008d31   Thumb Code     0  fcmp.o(x$fpl$fcmp)
    _fleq                                    0x08008d31   Thumb Code    14  fcmp.o(x$fpl$fcmp)
    __aeabi_fcmplt                           0x08008d3f   Thumb Code     0  fcmp.o(x$fpl$fcmp)
    _fls                                     0x08008d3f   Thumb Code    14  fcmp.o(x$fpl$fcmp)
    __fpl_fcmp_Inf                           0x08008d4d   Thumb Code    24  fcmpi.o(x$fpl$fcmpinf)
    __aeabi_fdiv                             0x08008d65   Thumb Code     0  fdiv.o(x$fpl$fdiv)
    _fdiv                                    0x08008d65   Thumb Code   384  fdiv.o(x$fpl$fdiv)
    __aeabi_cfcmpeq                          0x08008ee9   Thumb Code     0  feqf.o(x$fpl$feqf)
    _fcmpeq                                  0x08008ee9   Thumb Code   104  feqf.o(x$fpl$feqf)
    __aeabi_i2f                              0x08008f51   Thumb Code     0  fflt_clz.o(x$fpl$fflt)
    _fflt                                    0x08008f51   Thumb Code    48  fflt_clz.o(x$fpl$fflt)
    _fcmpge                                  0x08008f81   Thumb Code   104  fgeqf.o(x$fpl$fgeqf)
    __aeabi_cfcmple                          0x08008fe9   Thumb Code     0  fleqf.o(x$fpl$fleqf)
    _fcmple                                  0x08008fe9   Thumb Code   104  fleqf.o(x$fpl$fleqf)
    __fpl_fcmple_InfNaN                      0x0800903b   Thumb Code     0  fleqf.o(x$fpl$fleqf)
    __aeabi_fmul                             0x08009051   Thumb Code     0  fmul.o(x$fpl$fmul)
    _fmul                                    0x08009051   Thumb Code   258  fmul.o(x$fpl$fmul)
    __fpl_fnaninf                            0x08009153   Thumb Code   140  fnaninf.o(x$fpl$fnaninf)
    __fpl_fretinf                            0x080091df   Thumb Code    10  fretinf.o(x$fpl$fretinf)
    __aeabi_fsub                             0x080091e9   Thumb Code     0  faddsub_clz.o(x$fpl$fsub)
    _fsub                                    0x080091e9   Thumb Code   234  faddsub_clz.o(x$fpl$fsub)
    __ieee_status                            0x080092d3   Thumb Code     6  istatus.o(x$fpl$ieeestatus)
    _printf_fp_dec                           0x080092d9   Thumb Code     4  printf1.o(x$fpl$printf1)
    _printf_fp_hex                           0x080092dd   Thumb Code     4  printf2.o(x$fpl$printf2)
    __fpl_return_NaN                         0x080092e1   Thumb Code   100  retnan.o(x$fpl$retnan)
    __ARM_scalbn                             0x08009345   Thumb Code    92  scalbn.o(x$fpl$scalbn)
    _scanf_real                              0x080093a1   Thumb Code     4  scanf1.o(x$fpl$scanf1)
    _scanf_hex_real                          0x080093a5   Thumb Code     4  scanf2.o(x$fpl$scanf2)
    _scanf_infnan                            0x080093a9   Thumb Code     4  scanf2.o(x$fpl$scanf2)
    __fpl_cmpreturn                          0x080093ad   Thumb Code    48  trapv.o(x$fpl$trapveneer)
    __I$use$fp                               0x080093dc   Number         0  usenofp.o(x$fpl$usenofp)
    __mathlib_zero                           0x080094a8   Data           8  qnan.o(.constdata)
    AHBPrescTable                            0x0800956c   Data          16  system_stm32f1xx.o(.rodata.AHBPrescTable)
    APBPrescTable                            0x0800957c   Data           8  system_stm32f1xx.o(.rodata.APBPrescTable)
    Region$$Table$$Base                      0x080095bc   Number         0  anon$$obj.o(Region$$Table)
    Region$$Table$$Limit                     0x080095dc   Number         0  anon$$obj.o(Region$$Table)
    __aeabi_HUGE_VAL                         0x080095dc   Data           0  fpconst.o(c$$dinf)
    __aeabi_HUGE_VALL                        0x080095dc   Data           0  fpconst.o(c$$dinf)
    __aeabi_INFINITY                         0x080095dc   Data           0  fpconst.o(c$$dinf)
    __dInf                                   0x080095dc   Data           0  fpconst.o(c$$dinf)
    __huge_val                               0x080095dc   Data           0  fpconst.o(c$$dinf)
    __dbl_max                                0x080095e4   Data           0  fpconst.o(c$$dmax)
    __ctype                                  0x08009615   Data           0  lc_ctype_c.o(locale$$data)
    uwTickFreq                               0x20000000   Data           1  stm32f1xx_hal.o(.data..L_MergedGlobals)
    uwTickPrio                               0x20000004   Data           4  stm32f1xx_hal.o(.data..L_MergedGlobals)
    SystemCoreClock                          0x2000000c   Data           4  system_stm32f1xx.o(.data.SystemCoreClock)
    __libspace_start                         0x20000010   Data          96  libspace.o(.bss)
    __temporary_stack_top$libspace           0x20000070   Data           0  libspace.o(.bss)
    hlcd1                                    0x20000084   Data          12  main.o(.bss..L_MergedGlobals)
    mq2                                      0x20000090   Data          16  main.o(.bss..L_MergedGlobals)
    mpu6050                                  0x200000a0   Data          32  main.o(.bss..L_MergedGlobals)
    hostweb_node1                            0x200000c0   Data          36  main.o(.bss..L_MergedGlobals)
    buzzer_state                             0x200000e4   Data           1  hostweb.o(.bss..L_MergedGlobals)
    Accel_X_Offset                           0x200000f8   Data           4  mpu6050.o(.bss..L_MergedGlobals)
    Accel_Y_Offset                           0x200000fc   Data           4  mpu6050.o(.bss..L_MergedGlobals)
    Accel_Z_Offset                           0x20000100   Data           4  mpu6050.o(.bss..L_MergedGlobals)
    Gyro_X_Offset                            0x20000104   Data           4  mpu6050.o(.bss..L_MergedGlobals)
    Gyro_Y_Offset                            0x20000108   Data           4  mpu6050.o(.bss..L_MergedGlobals)
    Gyro_Z_Offset                            0x2000010c   Data           4  mpu6050.o(.bss..L_MergedGlobals)
    uart_flag                                0x20000110   Data           1  uart.o(.bss..L_MergedGlobals)
    uart_buff                                0x20000112   Data         100  uart.o(.bss..L_MergedGlobals)
    hadc1                                    0x20000178   Data          48  main.o(.bss..L_MergedGlobals.1)
    huart1                                   0x200001a8   Data          72  main.o(.bss..L_MergedGlobals.1)
    cmd                                      0x200001f0   Data           4  handle_cmd.o(.bss.cmd)
    data_temp                                0x200001f4   Data           2  flash.o(.bss.data_temp)
    eraseInit                                0x200001f8   Data          16  flash.o(.bss.eraseInit)
    hi2c1                                    0x20000208   Data          84  main.o(.bss.hi2c1)
    hi2c2                                    0x2000025c   Data          84  main.o(.bss.hi2c2)
    htim1                                    0x200002b0   Data          72  main.o(.bss.htim1)
    huart2                                   0x200002f8   Data          72  main.o(.bss.huart2)
    pFlash                                   0x20000340   Data          32  stm32f1xx_hal_flash.o(.bss.pFlash)
    uwTick                                   0x20000360   Data           4  stm32f1xx_hal.o(.bss.uwTick)



==============================================================================

Memory Map of the image

  Image Entry point : 0x080000ed

  Load Region LR_IROM1 (Base: 0x08000000, Size: 0x00009728, Max: 0x00010000, ABSOLUTE)

    Execution Region ER_IROM1 (Exec base: 0x08000000, Load base: 0x08000000, Size: 0x00009718, Max: 0x00010000, ABSOLUTE)

    Exec Addr    Load Addr    Size         Type   Attr      Idx    E Section Name        Object

    0x08000000   0x08000000   0x000000ec   Data   RO            3    RESET               startup_stm32f103xb.o
    0x080000ec   0x080000ec   0x00000008   Code   RO         1351  * !!!main             c_w.l(__main.o)
    0x080000f4   0x080000f4   0x0000005c   Code   RO         1825    !!!scatter          c_w.l(__scatter.o)
    0x08000150   0x08000150   0x0000001a   Code   RO         1829    !!handler_copy      c_w.l(__scatter_copy.o)
    0x0800016a   0x0800016a   0x00000002   PAD
    0x0800016c   0x0800016c   0x00000002   Code   RO         1826    !!handler_null      c_w.l(__scatter.o)
    0x0800016e   0x0800016e   0x00000002   PAD
    0x08000170   0x08000170   0x0000001c   Code   RO         1831    !!handler_zi        c_w.l(__scatter_zi.o)
    0x0800018c   0x0800018c   0x00000000   Code   RO         1336    .ARM.Collect$$_printf_percent$$00000000  c_w.l(_printf_percent.o)
    0x0800018c   0x0800018c   0x00000006   Code   RO         1468    .ARM.Collect$$_printf_percent$$00000001  c_w.l(_printf_n.o)
    0x08000192   0x08000192   0x00000006   Code   RO         1470    .ARM.Collect$$_printf_percent$$00000002  c_w.l(_printf_p.o)
    0x08000198   0x08000198   0x00000006   Code   RO         1335    .ARM.Collect$$_printf_percent$$00000003  c_w.l(_printf_f.o)
    0x0800019e   0x0800019e   0x00000006   Code   RO         1474    .ARM.Collect$$_printf_percent$$00000004  c_w.l(_printf_e.o)
    0x080001a4   0x080001a4   0x00000006   Code   RO         1475    .ARM.Collect$$_printf_percent$$00000005  c_w.l(_printf_g.o)
    0x080001aa   0x080001aa   0x00000006   Code   RO         1476    .ARM.Collect$$_printf_percent$$00000006  c_w.l(_printf_a.o)
    0x080001b0   0x080001b0   0x0000000a   Code   RO         1481    .ARM.Collect$$_printf_percent$$00000007  c_w.l(_printf_ll.o)
    0x080001ba   0x080001ba   0x00000006   Code   RO         1472    .ARM.Collect$$_printf_percent$$00000008  c_w.l(_printf_i.o)
    0x080001c0   0x080001c0   0x00000006   Code   RO         1473    .ARM.Collect$$_printf_percent$$00000009  c_w.l(_printf_d.o)
    0x080001c6   0x080001c6   0x00000006   Code   RO         1334    .ARM.Collect$$_printf_percent$$0000000A  c_w.l(_printf_u.o)
    0x080001cc   0x080001cc   0x00000006   Code   RO         1471    .ARM.Collect$$_printf_percent$$0000000B  c_w.l(_printf_o.o)
    0x080001d2   0x080001d2   0x00000006   Code   RO         1469    .ARM.Collect$$_printf_percent$$0000000C  c_w.l(_printf_x.o)
    0x080001d8   0x080001d8   0x00000006   Code   RO         1478    .ARM.Collect$$_printf_percent$$0000000D  c_w.l(_printf_lli.o)
    0x080001de   0x080001de   0x00000006   Code   RO         1479    .ARM.Collect$$_printf_percent$$0000000E  c_w.l(_printf_lld.o)
    0x080001e4   0x080001e4   0x00000006   Code   RO         1480    .ARM.Collect$$_printf_percent$$0000000F  c_w.l(_printf_llu.o)
    0x080001ea   0x080001ea   0x00000006   Code   RO         1485    .ARM.Collect$$_printf_percent$$00000010  c_w.l(_printf_llo.o)
    0x080001f0   0x080001f0   0x00000006   Code   RO         1486    .ARM.Collect$$_printf_percent$$00000011  c_w.l(_printf_llx.o)
    0x080001f6   0x080001f6   0x0000000a   Code   RO         1482    .ARM.Collect$$_printf_percent$$00000012  c_w.l(_printf_l.o)
    0x08000200   0x08000200   0x00000006   Code   RO         1466    .ARM.Collect$$_printf_percent$$00000013  c_w.l(_printf_c.o)
    0x08000206   0x08000206   0x00000006   Code   RO         1467    .ARM.Collect$$_printf_percent$$00000014  c_w.l(_printf_s.o)
    0x0800020c   0x0800020c   0x00000006   Code   RO         1483    .ARM.Collect$$_printf_percent$$00000015  c_w.l(_printf_lc.o)
    0x08000212   0x08000212   0x00000006   Code   RO         1484    .ARM.Collect$$_printf_percent$$00000016  c_w.l(_printf_ls.o)
    0x08000218   0x08000218   0x00000004   Code   RO         1477    .ARM.Collect$$_printf_percent$$00000017  c_w.l(_printf_percent_end.o)
    0x0800021c   0x0800021c   0x00000002   Code   RO         1649    .ARM.Collect$$libinit$$00000000  c_w.l(libinit.o)
    0x0800021e   0x0800021e   0x00000000   Code   RO         1651    .ARM.Collect$$libinit$$00000002  c_w.l(libinit2.o)
    0x0800021e   0x0800021e   0x00000000   Code   RO         1653    .ARM.Collect$$libinit$$00000004  c_w.l(libinit2.o)
    0x0800021e   0x0800021e   0x00000000   Code   RO         1655    .ARM.Collect$$libinit$$00000006  c_w.l(libinit2.o)
    0x0800021e   0x0800021e   0x00000000   Code   RO         1658    .ARM.Collect$$libinit$$0000000C  c_w.l(libinit2.o)
    0x0800021e   0x0800021e   0x00000000   Code   RO         1660    .ARM.Collect$$libinit$$0000000E  c_w.l(libinit2.o)
    0x0800021e   0x0800021e   0x00000000   Code   RO         1662    .ARM.Collect$$libinit$$00000010  c_w.l(libinit2.o)
    0x0800021e   0x0800021e   0x00000006   Code   RO         1663    .ARM.Collect$$libinit$$00000011  c_w.l(libinit2.o)
    0x08000224   0x08000224   0x00000000   Code   RO         1665    .ARM.Collect$$libinit$$00000013  c_w.l(libinit2.o)
    0x08000224   0x08000224   0x0000000c   Code   RO         1666    .ARM.Collect$$libinit$$00000014  c_w.l(libinit2.o)
    0x08000230   0x08000230   0x00000000   Code   RO         1667    .ARM.Collect$$libinit$$00000015  c_w.l(libinit2.o)
    0x08000230   0x08000230   0x00000000   Code   RO         1669    .ARM.Collect$$libinit$$00000017  c_w.l(libinit2.o)
    0x08000230   0x08000230   0x0000000a   Code   RO         1670    .ARM.Collect$$libinit$$00000018  c_w.l(libinit2.o)
    0x0800023a   0x0800023a   0x00000000   Code   RO         1671    .ARM.Collect$$libinit$$00000019  c_w.l(libinit2.o)
    0x0800023a   0x0800023a   0x00000000   Code   RO         1673    .ARM.Collect$$libinit$$0000001B  c_w.l(libinit2.o)
    0x0800023a   0x0800023a   0x00000000   Code   RO         1675    .ARM.Collect$$libinit$$0000001D  c_w.l(libinit2.o)
    0x0800023a   0x0800023a   0x00000000   Code   RO         1677    .ARM.Collect$$libinit$$0000001F  c_w.l(libinit2.o)
    0x0800023a   0x0800023a   0x00000000   Code   RO         1679    .ARM.Collect$$libinit$$00000021  c_w.l(libinit2.o)
    0x0800023a   0x0800023a   0x00000000   Code   RO         1681    .ARM.Collect$$libinit$$00000023  c_w.l(libinit2.o)
    0x0800023a   0x0800023a   0x00000000   Code   RO         1683    .ARM.Collect$$libinit$$00000025  c_w.l(libinit2.o)
    0x0800023a   0x0800023a   0x00000000   Code   RO         1685    .ARM.Collect$$libinit$$00000027  c_w.l(libinit2.o)
    0x0800023a   0x0800023a   0x00000000   Code   RO         1689    .ARM.Collect$$libinit$$0000002E  c_w.l(libinit2.o)
    0x0800023a   0x0800023a   0x00000000   Code   RO         1691    .ARM.Collect$$libinit$$00000030  c_w.l(libinit2.o)
    0x0800023a   0x0800023a   0x00000000   Code   RO         1693    .ARM.Collect$$libinit$$00000032  c_w.l(libinit2.o)
    0x0800023a   0x0800023a   0x00000000   Code   RO         1695    .ARM.Collect$$libinit$$00000034  c_w.l(libinit2.o)
    0x0800023a   0x0800023a   0x00000002   Code   RO         1696    .ARM.Collect$$libinit$$00000035  c_w.l(libinit2.o)
    0x0800023c   0x0800023c   0x00000002   Code   RO         1765    .ARM.Collect$$libshutdown$$00000000  c_w.l(libshutdown.o)
    0x0800023e   0x0800023e   0x00000000   Code   RO         1782    .ARM.Collect$$libshutdown$$00000002  c_w.l(libshutdown2.o)
    0x0800023e   0x0800023e   0x00000000   Code   RO         1784    .ARM.Collect$$libshutdown$$00000004  c_w.l(libshutdown2.o)
    0x0800023e   0x0800023e   0x00000000   Code   RO         1787    .ARM.Collect$$libshutdown$$00000007  c_w.l(libshutdown2.o)
    0x0800023e   0x0800023e   0x00000000   Code   RO         1790    .ARM.Collect$$libshutdown$$0000000A  c_w.l(libshutdown2.o)
    0x0800023e   0x0800023e   0x00000000   Code   RO         1792    .ARM.Collect$$libshutdown$$0000000C  c_w.l(libshutdown2.o)
    0x0800023e   0x0800023e   0x00000000   Code   RO         1795    .ARM.Collect$$libshutdown$$0000000F  c_w.l(libshutdown2.o)
    0x0800023e   0x0800023e   0x00000002   Code   RO         1796    .ARM.Collect$$libshutdown$$00000010  c_w.l(libshutdown2.o)
    0x08000240   0x08000240   0x00000000   Code   RO         1412    .ARM.Collect$$rtentry$$00000000  c_w.l(__rtentry.o)
    0x08000240   0x08000240   0x00000000   Code   RO         1547    .ARM.Collect$$rtentry$$00000002  c_w.l(__rtentry2.o)
    0x08000240   0x08000240   0x00000006   Code   RO         1559    .ARM.Collect$$rtentry$$00000004  c_w.l(__rtentry4.o)
    0x08000246   0x08000246   0x00000000   Code   RO         1549    .ARM.Collect$$rtentry$$00000009  c_w.l(__rtentry2.o)
    0x08000246   0x08000246   0x00000004   Code   RO         1550    .ARM.Collect$$rtentry$$0000000A  c_w.l(__rtentry2.o)
    0x0800024a   0x0800024a   0x00000000   Code   RO         1552    .ARM.Collect$$rtentry$$0000000C  c_w.l(__rtentry2.o)
    0x0800024a   0x0800024a   0x00000008   Code   RO         1553    .ARM.Collect$$rtentry$$0000000D  c_w.l(__rtentry2.o)
    0x08000252   0x08000252   0x00000002   Code   RO         1699    .ARM.Collect$$rtexit$$00000000  c_w.l(rtexit.o)
    0x08000254   0x08000254   0x00000000   Code   RO         1731    .ARM.Collect$$rtexit$$00000002  c_w.l(rtexit2.o)
    0x08000254   0x08000254   0x00000004   Code   RO         1732    .ARM.Collect$$rtexit$$00000003  c_w.l(rtexit2.o)
    0x08000258   0x08000258   0x00000006   Code   RO         1733    .ARM.Collect$$rtexit$$00000004  c_w.l(rtexit2.o)
    0x0800025e   0x0800025e   0x00000002   PAD
    0x08000260   0x08000260   0x00000040   Code   RO            4    .text               startup_stm32f103xb.o
    0x080002a0   0x080002a0   0x00000024   Code   RO         1300    .text               c_w.l(vsprintf.o)
    0x080002c4   0x080002c4   0x0000002c   Code   RO         1302    .text               c_w.l(__2sprintf.o)
    0x080002f0   0x080002f0   0x0000004e   Code   RO         1308    .text               c_w.l(_printf_pad.o)
    0x0800033e   0x0800033e   0x00000024   Code   RO         1310    .text               c_w.l(_printf_truncate.o)
    0x08000362   0x08000362   0x00000002   PAD
    0x08000364   0x08000364   0x00000078   Code   RO         1312    .text               c_w.l(_printf_dec.o)
    0x080003dc   0x080003dc   0x00000188   Code   RO         1331    .text               c_w.l(__printf_flags_ss_wp.o)
    0x08000564   0x08000564   0x0000001a   Code   RO         1337    .text               c_w.l(atoi.o)
    0x0800057e   0x0800057e   0x00000014   Code   RO         1339    .text               c_w.l(strchr.o)
    0x08000592   0x08000592   0x00000024   Code   RO         1341    .text               c_w.l(strstr.o)
    0x080005b6   0x080005b6   0x0000003e   Code   RO         1343    .text               c_w.l(strlen.o)
    0x080005f4   0x080005f4   0x00000080   Code   RO         1347    .text               c_w.l(strcmpv7m.o)
    0x08000674   0x08000674   0x00000006   Code   RO         1349    .text               c_w.l(heapauxi.o)
    0x0800067a   0x0800067a   0x00000002   PAD
    0x0800067c   0x0800067c   0x00000008   Code   RO         1416    .text               c_w.l(rt_errno_addr_intlibspace.o)
    0x08000684   0x08000684   0x00000016   Code   RO         1418    .text               c_w.l(_rserrno.o)
    0x0800069a   0x0800069a   0x00000052   Code   RO         1420    .text               c_w.l(_printf_str.o)
    0x080006ec   0x080006ec   0x000000b2   Code   RO         1422    .text               c_w.l(_printf_intcommon.o)
    0x0800079e   0x0800079e   0x00000028   Code   RO         1424    .text               c_w.l(_printf_charcount.o)
    0x080007c6   0x080007c6   0x0000041c   Code   RO         1426    .text               c_w.l(_printf_fp_dec.o)
    0x08000be2   0x08000be2   0x00000002   PAD
    0x08000be4   0x08000be4   0x00000030   Code   RO         1430    .text               c_w.l(_printf_char_common.o)
    0x08000c14   0x08000c14   0x0000000a   Code   RO         1432    .text               c_w.l(_sputc.o)
    0x08000c1e   0x08000c1e   0x00000002   PAD
    0x08000c20   0x08000c20   0x000000bc   Code   RO         1434    .text               c_w.l(_printf_wctomb.o)
    0x08000cdc   0x08000cdc   0x0000007c   Code   RO         1437    .text               c_w.l(_printf_longlong_dec.o)
    0x08000d58   0x08000d58   0x00000070   Code   RO         1443    .text               c_w.l(_printf_oct_int_ll.o)
    0x08000dc8   0x08000dc8   0x00000094   Code   RO         1463    .text               c_w.l(_printf_hex_int_ll_ptr.o)
    0x08000e5c   0x08000e5c   0x000000b0   Code   RO         1487    .text               c_w.l(strtod.o)
    0x08000f0c   0x08000f0c   0x00000070   Code   RO         1489    .text               c_w.l(strtol.o)
    0x08000f7c   0x08000f7c   0x00000008   Code   RO         1543    .text               c_w.l(libspace.o)
    0x08000f84   0x08000f84   0x00000010   Code   RO         1561    .text               c_w.l(rt_ctype_table.o)
    0x08000f94   0x08000f94   0x00000008   Code   RO         1566    .text               c_w.l(rt_locale_intlibspace.o)
    0x08000f9c   0x08000f9c   0x0000008a   Code   RO         1568    .text               c_w.l(lludiv10.o)
    0x08001026   0x08001026   0x00000012   Code   RO         1570    .text               c_w.l(isspace.o)
    0x08001038   0x08001038   0x000002fc   Code   RO         1572    .text               c_w.l(_printf_fp_hex.o)
    0x08001334   0x08001334   0x00000080   Code   RO         1575    .text               c_w.l(_printf_fp_infnan.o)
    0x080013b4   0x080013b4   0x0000002c   Code   RO         1579    .text               c_w.l(_printf_char.o)
    0x080013e0   0x080013e0   0x0000002c   Code   RO         1581    .text               c_w.l(_printf_wchar.o)
    0x0800140c   0x0800140c   0x00000040   Code   RO         1583    .text               c_w.l(_sgetc.o)
    0x0800144c   0x0800144c   0x0000009e   Code   RO         1585    .text               c_w.l(_strtoul.o)
    0x080014ea   0x080014ea   0x00000002   PAD
    0x080014ec   0x080014ec   0x000000e4   Code   RO         1587    .text               c_w.l(bigflt0.o)
    0x080015d0   0x080015d0   0x00000048   Code   RO         1614    .text               c_w.l(_c16rtomb.o)
    0x08001618   0x08001618   0x0000004a   Code   RO         1629    .text               c_w.l(sys_stackheap_outer.o)
    0x08001662   0x08001662   0x0000001c   Code   RO         1631    .text               c_w.l(_chval.o)
    0x0800167e   0x0800167e   0x00000002   PAD
    0x08001680   0x08001680   0x000004f8   Code   RO         1633    .text               c_w.l(scanf_fp.o)
    0x08001b78   0x08001b78   0x00000012   Code   RO         1642    .text               c_w.l(exit.o)
    0x08001b8a   0x08001b8a   0x00000026   Code   RO         1701    .text               c_w.l(llshl.o)
    0x08001bb0   0x08001bb0   0x00000320   Code   RO         1737    .text               c_w.l(scanf_hexfp.o)
    0x08001ed0   0x08001ed0   0x00000134   Code   RO         1739    .text               c_w.l(scanf_infnan.o)
    0x08002004   0x08002004   0x0000000c   Code   RO         1751    .text               c_w.l(sys_exit.o)
    0x08002010   0x08002010   0x00000002   Code   RO         1772    .text               c_w.l(use_no_semi.o)
    0x08002012   0x08002012   0x00000000   Code   RO         1774    .text               c_w.l(indicate_semi.o)
    0x08002012   0x08002012   0x00000002   PAD
    0x08002014   0x08002014   0x000000ae   Code   RO          113    .text.ADC_Enable    stm32f1xx_hal_adc.o
    0x080020c2   0x080020c2   0x00000002   PAD
    0x080020c4   0x080020c4   0x00000002   Code   RO           40    .text.BusFault_Handler  stm32f1xx_it.o
    0x080020c6   0x080020c6   0x00000002   PAD
    0x080020c8   0x080020c8   0x00000002   Code   RO           46    .text.DebugMon_Handler  stm32f1xx_it.o
    0x080020ca   0x080020ca   0x00000002   PAD
    0x080020cc   0x080020cc   0x0000000a   Code   RO           17    .text.Error_Handler  main.o
    0x080020d6   0x080020d6   0x00000002   PAD
    0x080020d8   0x080020d8   0x000000c6   Code   RO          451    .text.FLASH_WaitForLastOperation  stm32f1xx_hal_flash.o
    0x0800219e   0x0800219e   0x00000002   PAD
    0x080021a0   0x080021a0   0x00000176   Code   RO          147    .text.HAL_ADC_ConfigChannel  stm32f1xx_hal_adc.o
    0x08002316   0x08002316   0x00000002   PAD
    0x08002318   0x08002318   0x00000006   Code   RO          135    .text.HAL_ADC_GetValue  stm32f1xx_hal_adc.o
    0x0800231e   0x0800231e   0x00000002   PAD
    0x08002320   0x08002320   0x00000158   Code   RO          101    .text.HAL_ADC_Init  stm32f1xx_hal_adc.o
    0x08002478   0x08002478   0x00000066   Code   RO           63    .text.HAL_ADC_MspInit  stm32f1xx_hal_msp.o
    0x080024de   0x080024de   0x00000002   PAD
    0x080024e0   0x080024e0   0x0000026e   Code   RO          117    .text.HAL_ADC_PollForConversion  stm32f1xx_hal_adc.o
    0x0800274e   0x0800274e   0x00000002   PAD
    0x08002750   0x08002750   0x000000ce   Code   RO          111    .text.HAL_ADC_Start  stm32f1xx_hal_adc.o
    0x0800281e   0x0800281e   0x00000002   PAD
    0x08002820   0x08002820   0x0000007e   Code   RO          115    .text.HAL_ADC_Stop  stm32f1xx_hal_adc.o
    0x0800289e   0x0800289e   0x00000002   PAD
    0x080028a0   0x080028a0   0x00000046   Code   RO          341    .text.HAL_DMA_Abort  stm32f1xx_hal_dma.o
    0x080028e6   0x080028e6   0x00000002   PAD
    0x080028e8   0x080028e8   0x000000b6   Code   RO          343    .text.HAL_DMA_Abort_IT  stm32f1xx_hal_dma.o
    0x0800299e   0x0800299e   0x00000002   PAD
    0x080029a0   0x080029a0   0x00000020   Code   RO          203    .text.HAL_DeInit    stm32f1xx_hal.o
    0x080029c0   0x080029c0   0x00000028   Code   RO          217    .text.HAL_Delay     stm32f1xx_hal.o
    0x080029e8   0x080029e8   0x000000ee   Code   RO          482    .text.HAL_FLASHEx_Erase  stm32f1xx_hal_flash_ex.o
    0x08002ad6   0x08002ad6   0x00000002   PAD
    0x08002ad8   0x08002ad8   0x00000014   Code   RO          463    .text.HAL_FLASH_Lock  stm32f1xx_hal_flash.o
    0x08002aec   0x08002aec   0x00000116   Code   RO          449    .text.HAL_FLASH_Program  stm32f1xx_hal_flash.o
    0x08002c02   0x08002c02   0x00000002   PAD
    0x08002c04   0x08002c04   0x0000002e   Code   RO          461    .text.HAL_FLASH_Unlock  stm32f1xx_hal_flash.o
    0x08002c32   0x08002c32   0x00000002   PAD
    0x08002c34   0x08002c34   0x0000020e   Code   RO          309    .text.HAL_GPIO_Init  stm32f1xx_hal_gpio.o
    0x08002e42   0x08002e42   0x00000002   PAD
    0x08002e44   0x08002e44   0x00000010   Code   RO          317    .text.HAL_GPIO_TogglePin  stm32f1xx_hal_gpio.o
    0x08002e54   0x08002e54   0x0000000a   Code   RO          315    .text.HAL_GPIO_WritePin  stm32f1xx_hal_gpio.o
    0x08002e5e   0x08002e5e   0x00000002   PAD
    0x08002e60   0x08002e60   0x0000000c   Code   RO          209    .text.HAL_GetTick   stm32f1xx_hal.o
    0x08002e6c   0x08002e6c   0x00000164   Code   RO          530    .text.HAL_I2C_Init  stm32f1xx_hal_i2c.o
    0x08002fd0   0x08002fd0   0x000001dc   Code   RO          538    .text.HAL_I2C_Master_Transmit  stm32f1xx_hal_i2c.o
    0x080031ac   0x080031ac   0x0000034e   Code   RO          578    .text.HAL_I2C_Mem_Read  stm32f1xx_hal_i2c.o
    0x080034fa   0x080034fa   0x00000002   PAD
    0x080034fc   0x080034fc   0x0000015c   Code   RO          574    .text.HAL_I2C_Mem_Write  stm32f1xx_hal_i2c.o
    0x08003658   0x08003658   0x000000bc   Code   RO           67    .text.HAL_I2C_MspInit  stm32f1xx_hal_msp.o
    0x08003714   0x08003714   0x0000001a   Code   RO          207    .text.HAL_IncTick   stm32f1xx_hal.o
    0x0800372e   0x0800372e   0x00000002   PAD
    0x08003730   0x08003730   0x00000026   Code   RO          197    .text.HAL_Init      stm32f1xx_hal.o
    0x08003756   0x08003756   0x00000002   PAD
    0x08003758   0x08003758   0x00000048   Code   RO          199    .text.HAL_InitTick  stm32f1xx_hal.o
    0x080037a0   0x080037a0   0x00000002   Code   RO          205    .text.HAL_MspDeInit  stm32f1xx_hal.o
    0x080037a2   0x080037a2   0x00000002   PAD
    0x080037a4   0x080037a4   0x00000042   Code   RO           61    .text.HAL_MspInit   stm32f1xx_hal_msp.o
    0x080037e6   0x080037e6   0x00000002   PAD
    0x080037e8   0x080037e8   0x00000022   Code   RO          369    .text.HAL_NVIC_EnableIRQ  stm32f1xx_hal_cortex.o
    0x0800380a   0x0800380a   0x00000002   PAD
    0x0800380c   0x0800380c   0x00000056   Code   RO          367    .text.HAL_NVIC_SetPriority  stm32f1xx_hal_cortex.o
    0x08003862   0x08003862   0x00000002   PAD
    0x08003864   0x08003864   0x00000020   Code   RO          365    .text.HAL_NVIC_SetPriorityGrouping  stm32f1xx_hal_cortex.o
    0x08003884   0x08003884   0x000000f8   Code   RO          299    .text.HAL_RCCEx_GetPeriphCLKFreq  stm32f1xx_hal_rcc_ex.o
    0x0800397c   0x0800397c   0x00000102   Code   RO          295    .text.HAL_RCCEx_PeriphCLKConfig  stm32f1xx_hal_rcc_ex.o
    0x08003a7e   0x08003a7e   0x00000002   PAD
    0x08003a80   0x08003a80   0x000001ba   Code   RO          261    .text.HAL_RCC_ClockConfig  stm32f1xx_hal_rcc.o
    0x08003c3a   0x08003c3a   0x00000002   PAD
    0x08003c3c   0x08003c3c   0x00000026   Code   RO          273    .text.HAL_RCC_GetPCLK1Freq  stm32f1xx_hal_rcc.o
    0x08003c62   0x08003c62   0x00000002   PAD
    0x08003c64   0x08003c64   0x00000026   Code   RO          275    .text.HAL_RCC_GetPCLK2Freq  stm32f1xx_hal_rcc.o
    0x08003c8a   0x08003c8a   0x00000002   PAD
    0x08003c8c   0x08003c8c   0x00000400   Code   RO          259    .text.HAL_RCC_OscConfig  stm32f1xx_hal_rcc.o
    0x0800408c   0x0800408c   0x0000002c   Code   RO          377    .text.HAL_SYSTICK_Config  stm32f1xx_hal_cortex.o
    0x080040b8   0x080040b8   0x0000007e   Code   RO          963    .text.HAL_TIMEx_MasterConfigSynchronization  stm32f1xx_hal_tim_ex.o
    0x08004136   0x08004136   0x00000002   PAD
    0x08004138   0x08004138   0x000000fa   Code   RO          668    .text.HAL_TIM_Base_Init  stm32f1xx_hal_tim.o
    0x08004232   0x08004232   0x00000002   PAD
    0x08004234   0x08004234   0x00000030   Code   RO           71    .text.HAL_TIM_Base_MspInit  stm32f1xx_hal_msp.o
    0x08004264   0x08004264   0x000001a0   Code   RO          848    .text.HAL_TIM_ConfigClockSource  stm32f1xx_hal_tim.o
    0x08004404   0x08004404   0x00000002   Code   RO         1071    .text.HAL_UARTEx_RxEventCallback  stm32f1xx_hal_uart.o
    0x08004406   0x08004406   0x00000002   PAD
    0x08004408   0x08004408   0x00000002   Code   RO         1069    .text.HAL_UART_ErrorCallback  stm32f1xx_hal_uart.o
    0x0800440a   0x0800440a   0x00000002   PAD
    0x0800440c   0x0800440c   0x00000570   Code   RO         1063    .text.HAL_UART_IRQHandler  stm32f1xx_hal_uart.o
    0x0800497c   0x0800497c   0x000000e2   Code   RO          987    .text.HAL_UART_Init  stm32f1xx_hal_uart.o
    0x08004a5e   0x08004a5e   0x00000002   PAD
    0x08004a60   0x08004a60   0x000000fa   Code   RO           75    .text.HAL_UART_MspInit  stm32f1xx_hal_msp.o
    0x08004b5a   0x08004b5a   0x00000002   PAD
    0x08004b5c   0x08004b5c   0x00000054   Code   RO         1007    .text.HAL_UART_Receive_IT  stm32f1xx_hal_uart.o
    0x08004bb0   0x08004bb0   0x00000032   Code   RO           11    .text.HAL_UART_RxCpltCallback  main.o
    0x08004be2   0x08004be2   0x00000002   PAD
    0x08004be4   0x08004be4   0x00000192   Code   RO         1001    .text.HAL_UART_Transmit  stm32f1xx_hal_uart.o
    0x08004d76   0x08004d76   0x00000002   PAD
    0x08004d78   0x08004d78   0x00000002   Code   RO         1073    .text.HAL_UART_TxCpltCallback  stm32f1xx_hal_uart.o
    0x08004d7a   0x08004d7a   0x00000002   PAD
    0x08004d7c   0x08004d7c   0x00000002   Code   RO           36    .text.HardFault_Handler  stm32f1xx_it.o
    0x08004d7e   0x08004d7e   0x00000002   PAD
    0x08004d80   0x08004d80   0x00000112   Code   RO          580    .text.I2C_RequestMemoryRead  stm32f1xx_hal_i2c.o
    0x08004e92   0x08004e92   0x00000002   PAD
    0x08004e94   0x08004e94   0x000000c8   Code   RO          576    .text.I2C_RequestMemoryWrite  stm32f1xx_hal_i2c.o
    0x08004f5c   0x08004f5c   0x000000ba   Code   RO          544    .text.I2C_WaitOnBTFFlagUntilTimeout  stm32f1xx_hal_i2c.o
    0x08005016   0x08005016   0x00000002   PAD
    0x08005018   0x08005018   0x000001ca   Code   RO          540    .text.I2C_WaitOnFlagUntilTimeout  stm32f1xx_hal_i2c.o
    0x080051e2   0x080051e2   0x00000002   PAD
    0x080051e4   0x080051e4   0x000000d6   Code   RO          658    .text.I2C_WaitOnMasterAddressFlagUntilTimeout  stm32f1xx_hal_i2c.o
    0x080052ba   0x080052ba   0x00000002   PAD
    0x080052bc   0x080052bc   0x00000090   Code   RO          548    .text.I2C_WaitOnRXNEFlagUntilTimeout  stm32f1xx_hal_i2c.o
    0x0800534c   0x0800534c   0x000000ba   Code   RO          542    .text.I2C_WaitOnTXEFlagUntilTimeout  stm32f1xx_hal_i2c.o
    0x08005406   0x08005406   0x00000002   PAD
    0x08005408   0x08005408   0x00000152   Code   RO         1201    .text.MPU6050_Calibrate  mpu6050.o
    0x0800555a   0x0800555a   0x00000002   PAD
    0x0800555c   0x0800555c   0x00000074   Code   RO         1205    .text.MPU6050_Read_Accel  mpu6050.o
    0x080055d0   0x080055d0   0x00000076   Code   RO         1207    .text.MPU6050_Read_Gyro  mpu6050.o
    0x08005646   0x08005646   0x00000002   PAD
    0x08005648   0x08005648   0x00000072   Code   RO         1209    .text.MPU6050_handle  mpu6050.o
    0x080056ba   0x080056ba   0x00000002   PAD
    0x080056bc   0x080056bc   0x00000096   Code   RO         1211    .text.MPU6050_init  mpu6050.o
    0x08005752   0x08005752   0x00000002   PAD
    0x08005754   0x08005754   0x00000002   Code   RO           38    .text.MemManage_Handler  stm32f1xx_it.o
    0x08005756   0x08005756   0x00000002   PAD
    0x08005758   0x08005758   0x00000002   Code   RO           34    .text.NMI_Handler   stm32f1xx_it.o
    0x0800575a   0x0800575a   0x00000002   PAD
    0x0800575c   0x0800575c   0x00000002   Code   RO           48    .text.PendSV_Handler  stm32f1xx_it.o
    0x0800575e   0x0800575e   0x00000002   PAD
    0x08005760   0x08005760   0x00000002   Code   RO           44    .text.SVC_Handler   stm32f1xx_it.o
    0x08005762   0x08005762   0x00000002   PAD
    0x08005764   0x08005764   0x00000004   Code   RO           50    .text.SysTick_Handler  stm32f1xx_it.o
    0x08005768   0x08005768   0x00000002   Code   RO         1107    .text.SystemInit    system_stm32f1xx.o
    0x0800576a   0x0800576a   0x00000002   PAD
    0x0800576c   0x0800576c   0x0000000c   Code   RO         1067    .text.UART_DMAAbortOnError  stm32f1xx_hal_uart.o
    0x08005778   0x08005778   0x000000fe   Code   RO         1065    .text.UART_Receive_IT  stm32f1xx_hal_uart.o
    0x08005876   0x08005876   0x00000002   PAD
    0x08005878   0x08005878   0x0000000c   Code   RO           52    .text.USART1_IRQHandler  stm32f1xx_it.o
    0x08005884   0x08005884   0x00000002   Code   RO           42    .text.UsageFault_Handler  stm32f1xx_it.o
    0x08005886   0x08005886   0x00000002   PAD
    0x08005888   0x08005888   0x00000098   Code   RO         1146    .text.buzzer_handle  hostweb.o
    0x08005920   0x08005920   0x0000006e   Code   RO         1203    .text.calcGyroOffsets  mpu6050.o
    0x0800598e   0x0800598e   0x00000002   PAD
    0x08005990   0x08005990   0x0000016a   Code   RO         1180    .text.calibrate_mq2  mq2.o
    0x08005afa   0x08005afa   0x00000002   PAD
    0x08005afc   0x08005afc   0x0000002c   Code   RO         1264    .text.cmd_process_data  handle_cmd.o
    0x08005b28   0x08005b28   0x00000022   Code   RO         1126    .text.flash_erase   flash.o
    0x08005b4a   0x08005b4a   0x00000002   PAD
    0x08005b4c   0x08005b4c   0x00000004   Code   RO         1124    .text.flash_lock    flash.o
    0x08005b50   0x08005b50   0x0000008a   Code   RO         1130    .text.flash_read_arr  flash.o
    0x08005bda   0x08005bda   0x00000002   PAD
    0x08005bdc   0x08005bdc   0x00000004   Code   RO         1122    .text.flash_unlock  flash.o
    0x08005be0   0x08005be0   0x00000030   Code   RO         1128    .text.flash_write_arr  flash.o
    0x08005c10   0x08005c10   0x000000dc   Code   RO         1262    .text.handle_Cmd    handle_cmd.o
    0x08005cec   0x08005cec   0x0000009c   Code   RO         1148    .text.hostweb_handle  hostweb.o
    0x08005d88   0x08005d88   0x0000001c   Code   RO         1150    .text.hostweb_init  hostweb.o
    0x08005da4   0x08005da4   0x00000042   Code   RO         1226    .text.lcd_clear_display  liquidcrystal_i2c.o
    0x08005de6   0x08005de6   0x00000002   PAD
    0x08005de8   0x08005de8   0x00000084   Code   RO         1167    .text.lcd_display_pga_ppm  cprintf.o
    0x08005e6c   0x08005e6c   0x00000084   Code   RO         1169    .text.lcd_display_threshold_pga_ppm  cprintf.o
    0x08005ef0   0x08005ef0   0x00000186   Code   RO         1252    .text.lcd_init      liquidcrystal_i2c.o
    0x08006076   0x08006076   0x00000002   PAD
    0x08006078   0x08006078   0x00000090   Code   RO         1250    .text.lcd_printf    liquidcrystal_i2c.o
    0x08006108   0x08006108   0x00000058   Code   RO         1236    .text.lcd_set_cursor  liquidcrystal_i2c.o
    0x08006160   0x08006160   0x00000070   Code   RO         1290    .text.lora_send_sensor_value_esp32  lorasendvalue.o
    0x080061d0   0x080061d0   0x0000040e   Code   RO           13    .text.main          main.o
    0x080065de   0x080065de   0x00000002   PAD
    0x080065e0   0x080065e0   0x00000004   Code   RO         1184    .text.mq2_handle    mq2.o
    0x080065e4   0x080065e4   0x0000000e   Code   RO         1186    .text.mq2_init      mq2.o
    0x080065f2   0x080065f2   0x00000002   PAD
    0x080065f4   0x080065f4   0x00000142   Code   RO         1182    .text.read_mq2_ppm  mq2.o
    0x08006736   0x08006736   0x00000002   PAD
    0x08006738   0x08006738   0x00000038   Code   RO         1275    .text.receive_data  uart.o
    0x08006770   0x08006770   0x0000018c   Code   RO         1163    .text.send_pga_ppm_to_UART  cprintf.o
    0x080068fc   0x080068fc   0x00000020   Code   RO         1277    .text.uart_receive_handle  uart.o
    0x0800691c   0x0800691c   0x0000003e   Code   RO         1590    CL$$btod_d2e        c_w.l(btod.o)
    0x0800695a   0x0800695a   0x00000046   Code   RO         1592    CL$$btod_d2e_denorm_low  c_w.l(btod.o)
    0x080069a0   0x080069a0   0x00000060   Code   RO         1591    CL$$btod_d2e_norm_op1  c_w.l(btod.o)
    0x08006a00   0x08006a00   0x00000338   Code   RO         1600    CL$$btod_div_common  c_w.l(btod.o)
    0x08006d38   0x08006d38   0x00000084   Code   RO         1598    CL$$btod_e2d        c_w.l(btod.o)
    0x08006dbc   0x08006dbc   0x000000dc   Code   RO         1597    CL$$btod_e2e        c_w.l(btod.o)
    0x08006e98   0x08006e98   0x0000002a   Code   RO         1594    CL$$btod_ediv       c_w.l(btod.o)
    0x08006ec2   0x08006ec2   0x0000002a   Code   RO         1596    CL$$btod_edivd      c_w.l(btod.o)
    0x08006eec   0x08006eec   0x0000002a   Code   RO         1593    CL$$btod_emul       c_w.l(btod.o)
    0x08006f16   0x08006f16   0x0000002a   Code   RO         1595    CL$$btod_emuld      c_w.l(btod.o)
    0x08006f40   0x08006f40   0x00000244   Code   RO         1599    CL$$btod_mult_common  c_w.l(btod.o)
    0x08007184   0x08007184   0x00000028   Code   RO         1538    i.__ARM_fpclassify  m_ws.l(fpclassify.o)
    0x080071ac   0x080071ac   0x000000aa   Code   RO         1540    i.__kernel_poly     m_ws.l(poly.o)
    0x08007256   0x08007256   0x00000002   PAD
    0x08007258   0x08007258   0x00000010   Code   RO         1524    i.__mathlib_dbl_divzero  m_ws.l(dunder.o)
    0x08007268   0x08007268   0x00000004   Code   RO         1526    i.__mathlib_dbl_infnan2  m_ws.l(dunder.o)
    0x0800726c   0x0800726c   0x0000000c   Code   RO         1527    i.__mathlib_dbl_invalid  m_ws.l(dunder.o)
    0x08007278   0x08007278   0x0000000e   Code   RO         1528    i.__mathlib_dbl_overflow  m_ws.l(dunder.o)
    0x08007286   0x08007286   0x00000002   PAD
    0x08007288   0x08007288   0x00000010   Code   RO         1530    i.__mathlib_dbl_underflow  m_ws.l(dunder.o)
    0x08007298   0x08007298   0x00000010   Code   RO         1724    i.__mathlib_narrow  m_ws.l(narrow.o)
    0x080072a8   0x080072a8   0x000000bc   Code   RO         1725    i.__mathlib_tofloat  m_ws.l(narrow.o)
    0x08007364   0x08007364   0x00000016   Code   RO         1767    i.__support_ldexp   m_ws.l(ldexp.o)
    0x0800737a   0x0800737a   0x0000000e   Code   RO         1324    i._is_digit         c_w.l(__printf_wp.o)
    0x08007388   0x08007388   0x0000002c   Code   RO         1400    i.atof              m_ws.l(atof.o)
    0x080073b4   0x080073b4   0x00000058   Code   RO         1746    i.frexp             m_ws.l(frexp.o)
    0x0800740c   0x0800740c   0x00000074   Code   RO         1768    i.ldexp             m_ws.l(ldexp.o)
    0x08007480   0x08007480   0x000009ec   Code   RO         1404    i.pow               m_ws.l(pow.o)
    0x08007e6c   0x08007e6c   0x0000004c   Code   RO         1409    i.sqrt              m_ws.l(sqrt.o)
    0x08007eb8   0x08007eb8   0x0000002c   Code   RO         1617    locale$$code        c_w.l(lc_numeric_c.o)
    0x08007ee4   0x08007ee4   0x0000002c   Code   RO         1640    locale$$code        c_w.l(lc_ctype_c.o)
    0x08007f10   0x08007f10   0x00000062   Code   RO         1353    x$fpl$d2f           fz_ws.l(d2f.o)
    0x08007f72   0x08007f72   0x00000002   PAD
    0x08007f74   0x08007f74   0x00000150   Code   RO         1355    x$fpl$dadd          fz_ws.l(daddsub_clz.o)
    0x080080c4   0x080080c4   0x00000010   Code   RO         1619    x$fpl$dcheck1       fz_ws.l(dcheck1.o)
    0x080080d4   0x080080d4   0x00000018   Code   RO         1621    x$fpl$dcmpinf       fz_ws.l(dcmpi.o)
    0x080080ec   0x080080ec   0x000002b8   Code   RO         1364    x$fpl$ddiv          fz_ws.l(ddiv.o)
    0x080083a4   0x080083a4   0x00000078   Code   RO         1491    x$fpl$deqf          fz_ws.l(deqf.o)
    0x0800841c   0x0800841c   0x0000002e   Code   RO         1368    x$fpl$dflt          fz_ws.l(dflt_clz.o)
    0x0800844a   0x0800844a   0x00000026   Code   RO         1367    x$fpl$dfltu         fz_ws.l(dflt_clz.o)
    0x08008470   0x08008470   0x00000078   Code   RO         1493    x$fpl$dgeqf         fz_ws.l(dgeqf.o)
    0x080084e8   0x080084e8   0x00000078   Code   RO         1495    x$fpl$dleqf         fz_ws.l(dleqf.o)
    0x08008560   0x08008560   0x00000154   Code   RO         1373    x$fpl$dmul          fz_ws.l(dmul.o)
    0x080086b4   0x080086b4   0x0000009c   Code   RO         1497    x$fpl$dnaninf       fz_ws.l(dnaninf.o)
    0x08008750   0x08008750   0x0000000c   Code   RO         1499    x$fpl$dretinf       fz_ws.l(dretinf.o)
    0x0800875c   0x0800875c   0x0000006c   Code   RO         1501    x$fpl$drleqf        fz_ws.l(drleqf.o)
    0x080087c8   0x080087c8   0x00000016   Code   RO         1356    x$fpl$drsb          fz_ws.l(daddsub_clz.o)
    0x080087de   0x080087de   0x00000002   PAD
    0x080087e0   0x080087e0   0x000001cc   Code   RO         1503    x$fpl$dsqrt         fz_ws.l(dsqrt_noumaal.o)
    0x080089ac   0x080089ac   0x000001dc   Code   RO         1357    x$fpl$dsub          fz_ws.l(daddsub_clz.o)
    0x08008b88   0x08008b88   0x00000056   Code   RO         1375    x$fpl$f2d           fz_ws.l(f2d.o)
    0x08008bde   0x08008bde   0x00000002   PAD
    0x08008be0   0x08008be0   0x000000c4   Code   RO         1377    x$fpl$fadd          fz_ws.l(faddsub_clz.o)
    0x08008ca4   0x08008ca4   0x00000054   Code   RO         1361    x$fpl$fcmp          fz_ws.l(dcmp.o)
    0x08008cf8   0x08008cf8   0x00000054   Code   RO         1383    x$fpl$fcmp          fz_ws.l(fcmp.o)
    0x08008d4c   0x08008d4c   0x00000018   Code   RO         1623    x$fpl$fcmpinf       fz_ws.l(fcmpi.o)
    0x08008d64   0x08008d64   0x00000184   Code   RO         1386    x$fpl$fdiv          fz_ws.l(fdiv.o)
    0x08008ee8   0x08008ee8   0x00000068   Code   RO         1505    x$fpl$feqf          fz_ws.l(feqf.o)
    0x08008f50   0x08008f50   0x00000030   Code   RO         1390    x$fpl$fflt          fz_ws.l(fflt_clz.o)
    0x08008f80   0x08008f80   0x00000068   Code   RO         1507    x$fpl$fgeqf         fz_ws.l(fgeqf.o)
    0x08008fe8   0x08008fe8   0x00000068   Code   RO         1509    x$fpl$fleqf         fz_ws.l(fleqf.o)
    0x08009050   0x08009050   0x00000102   Code   RO         1395    x$fpl$fmul          fz_ws.l(fmul.o)
    0x08009152   0x08009152   0x0000008c   Code   RO         1511    x$fpl$fnaninf       fz_ws.l(fnaninf.o)
    0x080091de   0x080091de   0x0000000a   Code   RO         1513    x$fpl$fretinf       fz_ws.l(fretinf.o)
    0x080091e8   0x080091e8   0x000000ea   Code   RO         1379    x$fpl$fsub          fz_ws.l(faddsub_clz.o)
    0x080092d2   0x080092d2   0x00000006   Code   RO         1625    x$fpl$ieeestatus    fz_ws.l(istatus.o)
    0x080092d8   0x080092d8   0x00000004   Code   RO         1397    x$fpl$printf1       fz_ws.l(printf1.o)
    0x080092dc   0x080092dc   0x00000004   Code   RO         1515    x$fpl$printf2       fz_ws.l(printf2.o)
    0x080092e0   0x080092e0   0x00000064   Code   RO         1697    x$fpl$retnan        fz_ws.l(retnan.o)
    0x08009344   0x08009344   0x0000005c   Code   RO         1521    x$fpl$scalbn        fz_ws.l(scalbn.o)
    0x080093a0   0x080093a0   0x00000004   Code   RO         1627    x$fpl$scanf1        fz_ws.l(scanf1.o)
    0x080093a4   0x080093a4   0x00000008   Code   RO         1716    x$fpl$scanf2        fz_ws.l(scanf2.o)
    0x080093ac   0x080093ac   0x00000030   Code   RO         1722    x$fpl$trapveneer    fz_ws.l(trapv.o)
    0x080093dc   0x080093dc   0x00000000   Code   RO         1523    x$fpl$usenofp       fz_ws.l(usenofp.o)
    0x080093dc   0x080093dc   0x00000011   Data   RO         1332    .constdata          c_w.l(__printf_flags_ss_wp.o)
    0x080093ed   0x080093ed   0x00000003   PAD
    0x080093f0   0x080093f0   0x00000088   Data   RO         1405    .constdata          m_ws.l(pow.o)
    0x08009478   0x08009478   0x00000008   Data   RO         1435    .constdata          c_w.l(_printf_wctomb.o)
    0x08009480   0x08009480   0x00000028   Data   RO         1464    .constdata          c_w.l(_printf_hex_int_ll_ptr.o)
    0x080094a8   0x080094a8   0x00000008   Data   RO         1542    .constdata          m_ws.l(qnan.o)
    0x080094b0   0x080094b0   0x00000026   Data   RO         1573    .constdata          c_w.l(_printf_fp_hex.o)
    0x080094d6   0x080094d6   0x00000002   PAD
    0x080094d8   0x080094d8   0x00000094   Data   RO         1588    .constdata          c_w.l(bigflt0.o)
    0x0800956c   0x0800956c   0x00000010   Data   RO         1112    .rodata.AHBPrescTable  system_stm32f1xx.o
    0x0800957c   0x0800957c   0x00000008   Data   RO         1113    .rodata.APBPrescTable  system_stm32f1xx.o
    0x08009584   0x08009584   0x00000002   Data   RO          286    .rodata.HAL_RCC_GetSysClockFreq.aPredivFactorTable  stm32f1xx_hal_rcc.o
    0x08009586   0x08009586   0x00000010   Data   RO          285    .rodata.cst16       stm32f1xx_hal_rcc.o
    0x08009596   0x08009596   0x00000025   Data   RO         1171    .rodata.str1.1      cprintf.o
    0x080095bb   0x080095bb   0x00000001   PAD
    0x080095bc   0x080095bc   0x00000020   Data   RO         1824    Region$$Table       anon$$obj.o
    0x080095dc   0x080095dc   0x00000008   Data   RO         1710    c$$dinf             fz_ws.l(fpconst.o)
    0x080095e4   0x080095e4   0x00000008   Data   RO         1713    c$$dmax             fz_ws.l(fpconst.o)
    0x080095ec   0x080095ec   0x0000001c   Data   RO         1616    locale$$data        c_w.l(lc_numeric_c.o)
    0x08009608   0x08009608   0x00000110   Data   RO         1639    locale$$data        c_w.l(lc_ctype_c.o)


    Execution Region RW_IRAM1 (Exec base: 0x20000000, Load base: 0x08009718, Size: 0x00000968, Max: 0x00005000, ABSOLUTE)

    Exec Addr    Load Addr    Size         Type   Attr      Idx    E Section Name        Object

    0x20000000   0x08009718   0x00000008   Data   RW          248    .data..L_MergedGlobals  stm32f1xx_hal.o
    0x20000008   0x08009720   0x00000004   Data   RW         1188    .data.R0            mq2.o
    0x2000000c   0x08009724   0x00000004   Data   RW         1111    .data.SystemCoreClock  system_stm32f1xx.o
    0x20000010        -       0x00000060   Zero   RW         1544    .bss                c_w.l(libspace.o)
    0x20000070        -       0x00000074   Zero   RW           24    .bss..L_MergedGlobals  main.o
    0x200000e4        -       0x00000010   Zero   RW         1152    .bss..L_MergedGlobals  hostweb.o
    0x200000f4        -       0x0000001c   Zero   RW         1213    .bss..L_MergedGlobals  mpu6050.o
    0x20000110        -       0x00000066   Zero   RW         1281    .bss..L_MergedGlobals  uart.o
    0x20000176   0x08009728   0x00000002   PAD
    0x20000178        -       0x00000078   Zero   RW           25    .bss..L_MergedGlobals.1  main.o
    0x200001f0        -       0x00000004   Zero   RW         1266    .bss.cmd            handle_cmd.o
    0x200001f4        -       0x00000002   Zero   RW         1133    .bss.data_temp      flash.o
    0x200001f6   0x08009728   0x00000002   PAD
    0x200001f8        -       0x00000010   Zero   RW         1132    .bss.eraseInit      flash.o
    0x20000208        -       0x00000054   Zero   RW           20    .bss.hi2c1          main.o
    0x2000025c        -       0x00000054   Zero   RW           19    .bss.hi2c2          main.o
    0x200002b0        -       0x00000048   Zero   RW           22    .bss.htim1          main.o
    0x200002f8        -       0x00000048   Zero   RW           21    .bss.huart2         main.o
    0x20000340        -       0x00000020   Zero   RW          473    .bss.pFlash         stm32f1xx_hal_flash.o
    0x20000360        -       0x00000004   Zero   RW          247    .bss.uwTick         stm32f1xx_hal.o
    0x20000364   0x08009728   0x00000004   PAD
    0x20000368        -       0x00000200   Zero   RW            2    HEAP                startup_stm32f103xb.o
    0x20000568        -       0x00000400   Zero   RW            1    STACK               startup_stm32f103xb.o


==============================================================================

Image component sizes


      Code (inc. data)   RO Data    RW Data    ZI Data      Debug   Object Name

       660        172         37          0          0       8768   cprintf.o
       228          0          0          0         18       2501   flash.o
       264         64          0          0          4       2323   handle_cmd.o
       336          0          0          0         16       7291   hostweb.o
       688          4          0          0          0      14395   liquidcrystal_i2c.o
       112         40          0          0          0       6043   lorasendvalue.o
      1098          0          0          0        548      13543   main.o
       946          0          0          0         28       7138   mpu6050.o
       702          0          0          4          0       5398   mq2.o
        64         26        236          0       1536        884   startup_stm32f103xb.o
       222          0          0          8          4       5865   stm32f1xx_hal.o
      1852          0          0          0          0      13774   stm32f1xx_hal_adc.o
       196          0          0          0          0       8519   stm32f1xx_hal_cortex.o
       252          0          0          0          0       8386   stm32f1xx_hal_dma.o
       542          0          0          0         32       6014   stm32f1xx_hal_flash.o
       238          0          0          0          0       7070   stm32f1xx_hal_flash_ex.o
       552         22          0          0          0       4793   stm32f1xx_hal_gpio.o
      3688          0          0          0          0      45091   stm32f1xx_hal_i2c.o
       654          0          0          0          0      10960   stm32f1xx_hal_msp.o
      1542          0         18          0          0       8053   stm32f1xx_hal_rcc.o
       506         20          0          0          0       3743   stm32f1xx_hal_rcc_ex.o
       666          0          0          0          0      57772   stm32f1xx_hal_tim.o
       126          0          0          0          0      21014   stm32f1xx_hal_tim_ex.o
      2376          0          0          0          0      32725   stm32f1xx_hal_uart.o
        32          0          0          0          0       3950   stm32f1xx_it.o
         2          0         24          4          0       1703   system_stm32f1xx.o
        88          0          0          0        102       1922   uart.o

    ----------------------------------------------------------------------
     18760        348        348         16       2296     309638   Object Totals
         0          0         32          0          0          0   (incl. Generated)
       128          0          1          0          8          0   (incl. Padding)

    ----------------------------------------------------------------------

      Code (inc. data)   RO Data    RW Data    ZI Data      Debug   Library Member Name

        44          6          0          0          0         84   __2sprintf.o
         8          0          0          0          0         68   __main.o
       392          4         17          0          0         92   __printf_flags_ss_wp.o
        14          0          0          0          0         68   __printf_wp.o
         0          0          0          0          0          0   __rtentry.o
        12          0          0          0          0          0   __rtentry2.o
         6          0          0          0          0          0   __rtentry4.o
        94          8          0          0          0          0   __scatter.o
        26          0          0          0          0          0   __scatter_copy.o
        28          0          0          0          0          0   __scatter_zi.o
        72          0          0          0          0         96   _c16rtomb.o
        28          0          0          0          0         68   _chval.o
         6          0          0          0          0          0   _printf_a.o
         6          0          0          0          0          0   _printf_c.o
        44          0          0          0          0        108   _printf_char.o
        48          6          0          0          0         96   _printf_char_common.o
        40          0          0          0          0         68   _printf_charcount.o
         6          0          0          0          0          0   _printf_d.o
       120         16          0          0          0         92   _printf_dec.o
         6          0          0          0          0          0   _printf_e.o
         6          0          0          0          0          0   _printf_f.o
      1052          0          0          0          0        148   _printf_fp_dec.o
       764          8         38          0          0        100   _printf_fp_hex.o
       128         16          0          0          0         84   _printf_fp_infnan.o
         6          0          0          0          0          0   _printf_g.o
       148          4         40          0          0        160   _printf_hex_int_ll_ptr.o
         6          0          0          0          0          0   _printf_i.o
       178          0          0          0          0         88   _printf_intcommon.o
        10          0          0          0          0          0   _printf_l.o
         6          0          0          0          0          0   _printf_lc.o
        10          0          0          0          0          0   _printf_ll.o
         6          0          0          0          0          0   _printf_lld.o
         6          0          0          0          0          0   _printf_lli.o
         6          0          0          0          0          0   _printf_llo.o
         6          0          0          0          0          0   _printf_llu.o
         6          0          0          0          0          0   _printf_llx.o
       124         16          0          0          0         92   _printf_longlong_dec.o
         6          0          0          0          0          0   _printf_ls.o
         6          0          0          0          0          0   _printf_n.o
         6          0          0          0          0          0   _printf_o.o
       112          8          0          0          0        124   _printf_oct_int_ll.o
         6          0          0          0          0          0   _printf_p.o
        78          0          0          0          0        108   _printf_pad.o
         0          0          0          0          0          0   _printf_percent.o
         4          0          0          0          0          0   _printf_percent_end.o
         6          0          0          0          0          0   _printf_s.o
        82          0          0          0          0         80   _printf_str.o
        36          0          0          0          0         84   _printf_truncate.o
         6          0          0          0          0          0   _printf_u.o
        44          0          0          0          0        108   _printf_wchar.o
       188          6          8          0          0         92   _printf_wctomb.o
         6          0          0          0          0          0   _printf_x.o
        22          0          0          0          0        100   _rserrno.o
        64          0          0          0          0         84   _sgetc.o
        10          0          0          0          0         68   _sputc.o
       158          0          0          0          0         92   _strtoul.o
        26          0          0          0          0         80   atoi.o
       228          4        148          0          0         96   bigflt0.o
      2152        136          0          0          0        956   btod.o
        18          0          0          0          0         80   exit.o
         6          0          0          0          0        152   heapauxi.o
         0          0          0          0          0          0   indicate_semi.o
        18          0          0          0          0         76   isspace.o
        44         10        272          0          0         76   lc_ctype_c.o
        44         10         28          0          0         76   lc_numeric_c.o
         2          0          0          0          0          0   libinit.o
        30          0          0          0          0          0   libinit2.o
         2          0          0          0          0          0   libshutdown.o
         2          0          0          0          0          0   libshutdown2.o
         8          4          0          0         96         68   libspace.o
        38          0          0          0          0         68   llshl.o
       138          0          0          0          0         80   lludiv10.o
        16          4          0          0          0         76   rt_ctype_table.o
         8          4          0          0          0         68   rt_errno_addr_intlibspace.o
         8          4          0          0          0         68   rt_locale_intlibspace.o
         2          0          0          0          0          0   rtexit.o
        10          0          0          0          0          0   rtexit2.o
      1272         16          0          0          0        168   scanf_fp.o
       800         14          0          0          0        100   scanf_hexfp.o
       308         16          0          0          0        100   scanf_infnan.o
        20          0          0          0          0         68   strchr.o
       128          0          0          0          0         68   strcmpv7m.o
        62          0          0          0          0         76   strlen.o
        36          0          0          0          0         80   strstr.o
       176         14          0          0          0        124   strtod.o
       112          0          0          0          0         88   strtol.o
        12          4          0          0          0         68   sys_exit.o
        74          0          0          0          0         80   sys_stackheap_outer.o
         2          0          0          0          0         68   use_no_semi.o
        36          4          0          0          0         76   vsprintf.o
        98          4          0          0          0         92   d2f.o
       834         16          0          0          0        372   daddsub_clz.o
        16          4          0          0          0         68   dcheck1.o
        84          0          0          0          0        196   dcmp.o
        24          0          0          0          0         68   dcmpi.o
       696        140          0          0          0        216   ddiv.o
       120          4          0          0          0         92   deqf.o
        84          0          0          0          0        136   dflt_clz.o
       120          4          0          0          0         92   dgeqf.o
       120          4          0          0          0         92   dleqf.o
       340         12          0          0          0        104   dmul.o
       156          4          0          0          0         92   dnaninf.o
        12          0          0          0          0         68   dretinf.o
       108          0          0          0          0         80   drleqf.o
       460         56          0          0          0        120   dsqrt_noumaal.o
        86          4          0          0          0         84   f2d.o
       430          8          0          0          0        168   faddsub_clz.o
        84          0          0          0          0        196   fcmp.o
        24          0          0          0          0         68   fcmpi.o
       388         76          0          0          0         96   fdiv.o
       104          4          0          0          0         84   feqf.o
        48          0          0          0          0         68   fflt_clz.o
       104          4          0          0          0         84   fgeqf.o
       104          4          0          0          0         84   fleqf.o
       258          4          0          0          0         84   fmul.o
       140          4          0          0          0         84   fnaninf.o
         0          0         16          0          0          0   fpconst.o
        10          0          0          0          0         68   fretinf.o
         6          0          0          0          0         68   istatus.o
         4          0          0          0          0         68   printf1.o
         4          0          0          0          0         68   printf2.o
       100          0          0          0          0         68   retnan.o
        92          0          0          0          0         68   scalbn.o
         4          0          0          0          0         68   scanf1.o
         8          0          0          0          0         84   scanf2.o
        48          0          0          0          0         68   trapv.o
         0          0          0          0          0          0   usenofp.o
        44          0          0          0          0         84   atof.o
        62         10          0          0          0        340   dunder.o
        40          0          0          0          0         68   fpclassify.o
        88          8          0          0          0         76   frexp.o
       138          0          0          0          0        160   ldexp.o
       204          4          0          0          0        168   narrow.o
       170          0          0          0          0         96   poly.o
      2540        188        136          0          0        332   pow.o
         0          0          8          0          0          0   qnan.o
        76          0          0          0          0         84   sqrt.o

    ----------------------------------------------------------------------
     18856        908        716          0         96      10660   Library Totals
        30          0          5          0          0          0   (incl. Padding)

    ----------------------------------------------------------------------

      Code (inc. data)   RO Data    RW Data    ZI Data      Debug   Library Name

     10146        342        551          0         96       5636   c_w.l
      5318        356         16          0          0       3616   fz_ws.l
      3362        210        144          0          0       1408   m_ws.l

    ----------------------------------------------------------------------
     18856        908        716          0         96      10660   Library Totals

    ----------------------------------------------------------------------

==============================================================================


      Code (inc. data)   RO Data    RW Data    ZI Data      Debug   

     37616       1256       1064         16       2392     314038   Grand Totals
     37616       1256       1064         16       2392     314038   ELF Image Totals
     37616       1256       1064         16          0          0   ROM Totals

==============================================================================

    Total RO  Size (Code + RO Data)                38680 (  37.77kB)
    Total RW  Size (RW Data + ZI Data)              2408 (   2.35kB)
    Total ROM Size (Code + RO Data + RW Data)      38696 (  37.79kB)

==============================================================================

