<html>
<body>
<pre>
<h1>µVision Build Log</h1>
<h2>Tool Versions:</h2>
IDE-Version: µVision V5.41.0.0
Copyright (C) 2024 ARM Ltd and ARM Germany GmbH. All rights reserved.
License Information: kieu kieutien, abc, LIC=14HV2-9EZ9F-568Q2-9S1W8-V0YQJ-FQN6N
 
Tool Versions:
Toolchain:       MDK-ARM Plus  Version: 5.41.0.0
Toolchain Path:  C:\Users\kieutien\AppData\Local\Keil_v5\ARM\ARMCLANG\Bin
C Compiler:      ArmClang.exe V6.22
Assembler:       Armasm.exe V6.22
Linker/Locator:  ArmLink.exe V6.22
Library Manager: ArmAr.exe V6.22
Hex Converter:   FromElf.exe V6.22
CPU DLL:         SARMCM3.DLL V5.41.0.0
Dialog DLL:      DCM.DLL V1.17.5.0
Target DLL:      STLink\ST-LINKIII-KEIL_SWO.dll V3.3.0.0
Dialog DLL:      TCM.DLL V1.56.4.0
 
<h2>Project:</h2>
D:\EXTERNAL PROJECT\External_Project_STM32\20_March\STM32_Hazard_monitoring_and _detection\Hazard_monitoring_and _detection_NODE1\MDK-ARM\Hazard_monitoring_and _detection_NODE1.uvprojx
Project File Date:  04/16/2025

<h2>Output:</h2>
*** Using Compiler 'V6.22', folder: 'C:\Users\kieutien\AppData\Local\Keil_v5\ARM\ARMCLANG\Bin'
Build target 'Hazard_monitoring_and _detection_NODE1'
compiling main.c...
linking...
Program Size: Code=37616 RO-data=1064 RW-data=16 ZI-data=2392  
FromELF: creating hex file...
"Hazard_monitoring_and _detection_NODE1\Hazard_monitoring_and _detection_NODE1.axf" - 0 Error(s), 0 Warning(s).

<h2>Software Packages used:</h2>

Package Vendor: ARM
                https://www.keil.com/pack/ARM.CMSIS.6.1.0.pack
                ARM::CMSIS@6.1.0
                CMSIS (Common Microcontroller Software Interface Standard)
   * Component: CORE Version: 6.1.0

Package Vendor: Keil
                https://www.keil.com/pack/Keil.STM32F1xx_DFP.2.4.1.pack
                Keil::STM32F1xx_DFP@2.4.1
                STMicroelectronics STM32F1 Series Device Support, Drivers and Examples

<h2>Collection of Component include folders:</h2>
  ./RTE/_Hazard_monitoring_and__detection_NODE1
  C:/Users/kieutien/AppData/Local/Arm/Packs/ARM/CMSIS/6.1.0/CMSIS/Core/Include
  C:/Users/kieutien/AppData/Local/Arm/Packs/Keil/STM32F1xx_DFP/2.4.1/Device/Include

<h2>Collection of Component Files used:</h2>

   * Component: ARM::CMSIS:CORE@6.1.0
      Include file:  CMSIS/Core/Include/tz_context.h
Build Time Elapsed:  00:00:00
</pre>
</body>
</html>
